Component: ARM Compiler 5.06 update 7 (build 960) Tool: armlink [4d3601]

==============================================================================

Section Cross References

    system_stm32f10x.o(.text) refers to system_stm32f10x.o(.data) for SystemCoreClock
    minibalance.o(.text) refers to _printf_pad.o(.text) for _printf_pre_padding
    minibalance.o(.text) refers to _printf_percent.o(.ARM.Collect$$_printf_percent$$00000000) for _printf_percent
    minibalance.o(.text) refers to _printf_d.o(.ARM.Collect$$_printf_percent$$00000009) for _printf_d
    minibalance.o(.text) refers to _printf_dec.o(.text) for _printf_int_dec
    minibalance.o(.text) refers to stm32f10x_rcc.o(.text) for RCC_APB2PeriphClockCmd
    minibalance.o(.text) refers to stm32f10x_gpio.o(.text) for GPIO_Init
    minibalance.o(.text) refers to __2printf.o(.text) for __2printf
    minibalance.o(.text) refers to sys.o(.text) for MY_NVIC_PriorityGroupConfig
    minibalance.o(.text) refers to delay.o(.text) for delay_init
    minibalance.o(.text) refers to led.o(.text) for LED_Init
    minibalance.o(.text) refers to bsp_siic.o(.text) for IIC_Init
    minibalance.o(.text) refers to bsp_imu.o(.text) for IMU_HW_Init
    minibalance.o(.text) refers to imu_app.o(.text) for IMU_App_Init
    minibalance.o(.text) refers to usart.o(.text) for uart1_init
    minibalance.o(.text) refers to usart3.o(.text) for uart3_init
    minibalance.o(.text) refers to usart4.o(.text) for uart4_init
    minibalance.o(.text) refers to encoder_app.o(.text) for Encoder_App_Init
    minibalance.o(.text) refers to adc.o(.text) for Adc_Init
    minibalance.o(.text) refers to motor_app.o(.text) for Motor_App_Init
    minibalance.o(.text) refers to ultrasonic_app.o(.text) for Ultrasonic_App_Init
    minibalance.o(.text) refers to rdk_app.o(.text) for RDK_App_Init
    minibalance.o(.text) refers to schedeler.o(.text) for scheduler_init
    minibalance.o(.text) refers to encoder.o(.text) for TIMING_TIM_Init
    minibalance.o(.text) refers to battery_app.o(.data) for Voltage
    startup_stm32f10x_hd.o(STACK) refers (Special) to heapauxi.o(.text) for __use_two_region_memory
    startup_stm32f10x_hd.o(HEAP) refers (Special) to heapauxi.o(.text) for __use_two_region_memory
    startup_stm32f10x_hd.o(RESET) refers (Special) to heapauxi.o(.text) for __use_two_region_memory
    startup_stm32f10x_hd.o(RESET) refers to startup_stm32f10x_hd.o(STACK) for __initial_sp
    startup_stm32f10x_hd.o(RESET) refers to startup_stm32f10x_hd.o(.text) for Reset_Handler
    startup_stm32f10x_hd.o(RESET) refers to stm32f10x_it.o(.text) for NMI_Handler
    startup_stm32f10x_hd.o(RESET) refers to encoder.o(.text) for TIM4_IRQHandler
    startup_stm32f10x_hd.o(RESET) refers to usart.o(.text) for USART1_IRQHandler
    startup_stm32f10x_hd.o(RESET) refers to usart3.o(.text) for USART3_IRQHandler
    startup_stm32f10x_hd.o(RESET) refers to usart4.o(.text) for UART4_IRQHandler
    startup_stm32f10x_hd.o(RESET) refers to control.o(.text) for TIM6_IRQHandler
    startup_stm32f10x_hd.o(.text) refers (Special) to heapauxi.o(.text) for __use_two_region_memory
    startup_stm32f10x_hd.o(.text) refers to system_stm32f10x.o(.text) for SystemInit
    startup_stm32f10x_hd.o(.text) refers to __main.o(!!!main) for __main
    startup_stm32f10x_hd.o(.text) refers to startup_stm32f10x_hd.o(HEAP) for Heap_Mem
    startup_stm32f10x_hd.o(.text) refers to startup_stm32f10x_hd.o(STACK) for Stack_Mem
    stm32f10x_adc.o(.text) refers to stm32f10x_rcc.o(.text) for RCC_APB2PeriphResetCmd
    stm32f10x_bkp.o(.text) refers to stm32f10x_rcc.o(.text) for RCC_BackupResetCmd
    stm32f10x_can.o(.text) refers to stm32f10x_rcc.o(.text) for RCC_APB1PeriphResetCmd
    stm32f10x_cec.o(.text) refers to stm32f10x_rcc.o(.text) for RCC_APB1PeriphResetCmd
    stm32f10x_dac.o(.text) refers to stm32f10x_rcc.o(.text) for RCC_APB1PeriphResetCmd
    stm32f10x_gpio.o(.text) refers to stm32f10x_rcc.o(.text) for RCC_APB2PeriphResetCmd
    stm32f10x_i2c.o(.text) refers to stm32f10x_rcc.o(.text) for RCC_APB1PeriphResetCmd
    stm32f10x_pwr.o(.text) refers to stm32f10x_rcc.o(.text) for RCC_APB1PeriphResetCmd
    stm32f10x_rcc.o(.text) refers to stm32f10x_rcc.o(.data) for APBAHBPrescTable
    stm32f10x_spi.o(.text) refers to stm32f10x_rcc.o(.text) for RCC_APB2PeriphResetCmd
    stm32f10x_tim.o(.text) refers to stm32f10x_rcc.o(.text) for RCC_APB2PeriphResetCmd
    stm32f10x_usart.o(.text) refers to stm32f10x_rcc.o(.text) for RCC_APB2PeriphResetCmd
    stm32f10x_wwdg.o(.text) refers to stm32f10x_rcc.o(.text) for RCC_APB1PeriphResetCmd
    delay.o(.text) refers to misc.o(.text) for SysTick_CLKSourceConfig
    delay.o(.text) refers to system_stm32f10x.o(.data) for SystemCoreClock
    delay.o(.text) refers to delay.o(.data) for fac_us
    sys.o(.text) refers to sys.o(.emb_text) for WFI_SET
    usart.o(.text) refers (Special) to use_no_semi_2.o(.text) for __use_no_semihosting
    usart.o(.text) refers to stm32f10x_rcc.o(.text) for RCC_APB2PeriphClockCmd
[...]
    RCC_GetITStatus                          0x080011ef   Thumb Code    20  stm32f10x_rcc.o(.text)
    RCC_ClearITPendingBit                    0x08001203   Thumb Code     6  stm32f10x_rcc.o(.text)
    TIM_DeInit                               0x0800122d   Thumb Code   424  stm32f10x_tim.o(.text)
    TIM_TimeBaseInit                         0x080013d5   Thumb Code   122  stm32f10x_tim.o(.text)
    TIM_OC1Init                              0x0800144f   Thumb Code   132  stm32f10x_tim.o(.text)
    TIM_OC2Init                              0x080014d3   Thumb Code   154  stm32f10x_tim.o(.text)
    TIM_OC3Init                              0x0800156d   Thumb Code   150  stm32f10x_tim.o(.text)
    TIM_OC4Init                              0x08001603   Thumb Code   182  stm32f10x_tim.o(.text)
    TIM_SetIC4Prescaler                      0x080016b9   Thumb Code    26  stm32f10x_tim.o(.text)
    TIM_SetIC3Prescaler                      0x08001755   Thumb Code    18  stm32f10x_tim.o(.text)
    TIM_SetIC2Prescaler                      0x080017e1   Thumb Code    26  stm32f10x_tim.o(.text)
    TIM_SetIC1Prescaler                      0x0800187d   Thumb Code    18  stm32f10x_tim.o(.text)
    TIM_ICInit                               0x080018fb   Thumb Code   150  stm32f10x_tim.o(.text)
    TIM_PWMIConfig                           0x08001991   Thumb Code   124  stm32f10x_tim.o(.text)
    TIM_BDTRConfig                           0x08001a0d   Thumb Code    32  stm32f10x_tim.o(.text)
    TIM_TimeBaseStructInit                   0x08001a2d   Thumb Code    18  stm32f10x_tim.o(.text)
    TIM_OCStructInit                         0x08001a3f   Thumb Code    20  stm32f10x_tim.o(.text)
    TIM_ICStructInit                         0x08001a53   Thumb Code    18  stm32f10x_tim.o(.text)
    TIM_BDTRStructInit                       0x08001a65   Thumb Code    40  stm32f10x_tim.o(.text)
    TIM_Cmd                                  0x08001a8d   Thumb Code    24  stm32f10x_tim.o(.text)
    TIM_CtrlPWMOutputs                       0x08001aa5   Thumb Code    30  stm32f10x_tim.o(.text)
    TIM_ITConfig                             0x08001ac3   Thumb Code    18  stm32f10x_tim.o(.text)
    TIM_GenerateEvent                        0x08001ad5   Thumb Code     4  stm32f10x_tim.o(.text)
    TIM_DMAConfig                            0x08001ad9   Thumb Code    10  stm32f10x_tim.o(.text)
    TIM_DMACmd                               0x08001ae3   Thumb Code    18  stm32f10x_tim.o(.text)
    TIM_InternalClockConfig                  0x08001af5   Thumb Code    12  stm32f10x_tim.o(.text)
    TIM_SelectInputTrigger                   0x08001b01   Thumb Code    18  stm32f10x_tim.o(.text)
    TIM_ITRxExternalClockConfig              0x08001b13   Thumb Code    24  stm32f10x_tim.o(.text)
    TIM_TIxExternalClockConfig               0x08001b2b   Thumb Code    62  stm32f10x_tim.o(.text)
    TIM_ETRConfig                            0x08001b69   Thumb Code    28  stm32f10x_tim.o(.text)
    TIM_ETRClockMode1Config                  0x08001b85   Thumb Code    54  stm32f10x_tim.o(.text)
    TIM_ETRClockMode2Config                  0x08001bbb   Thumb Code    32  stm32f10x_tim.o(.text)
    TIM_PrescalerConfig                      0x08001bdb   Thumb Code     6  stm32f10x_tim.o(.text)
    TIM_CounterModeConfig                    0x08001be1   Thumb Code    18  stm32f10x_tim.o(.text)
    TIM_EncoderInterfaceConfig               0x08001bf3   Thumb Code    66  stm32f10x_tim.o(.text)
    TIM_ForcedOC1Config                      0x08001c35   Thumb Code    18  stm32f10x_tim.o(.text)
    TIM_ForcedOC2Config                      0x08001c47   Thumb Code    26  stm32f10x_tim.o(.text)
    TIM_ForcedOC3Config                      0x08001c61   Thumb Code    18  stm32f10x_tim.o(.text)
    TIM_ForcedOC4Config                      0x08001c73   Thumb Code    26  stm32f10x_tim.o(.text)
    TIM_ARRPreloadConfig                     0x08001c8d   Thumb Code    24  stm32f10x_tim.o(.text)
    TIM_SelectCOM                            0x08001ca5   Thumb Code    24  stm32f10x_tim.o(.text)
    TIM_SelectCCDMA                          0x08001cbd   Thumb Code    24  stm32f10x_tim.o(.text)
    TIM_CCPreloadControl                     0x08001cd5   Thumb Code    24  stm32f10x_tim.o(.text)
    TIM_OC1PreloadConfig                     0x08001ced   Thumb Code    18  stm32f10x_tim.o(.text)
    TIM_OC2PreloadConfig                     0x08001cff   Thumb Code    26  stm32f10x_tim.o(.text)
    TIM_OC3PreloadConfig                     0x08001d19   Thumb Code    18  stm32f10x_tim.o(.text)
    TIM_OC4PreloadConfig                     0x08001d2b   Thumb Code    26  stm32f10x_tim.o(.text)
    TIM_OC1FastConfig                        0x08001d45   Thumb Code    18  stm32f10x_tim.o(.text)
    TIM_OC2FastConfig                        0x08001d57   Thumb Code    26  stm32f10x_tim.o(.text)
    TIM_OC3FastConfig                        0x08001d71   Thumb Code    18  stm32f10x_tim.o(.text)
    TIM_OC4FastConfig                        0x08001d83   Thumb Code    26  stm32f10x_tim.o(.text)
    TIM_ClearOC1Ref                          0x08001d9d   Thumb Code    18  stm32f10x_tim.o(.text)
    TIM_ClearOC2Ref                          0x08001daf   Thumb Code    24  stm32f10x_tim.o(.text)
    TIM_ClearOC3Ref                          0x08001dc7   Thumb Code    18  stm32f10x_tim.o(.text)
    TIM_ClearOC4Ref                          0x08001dd9   Thumb Code    24  stm32f10x_tim.o(.text)
    TIM_OC1PolarityConfig                    0x08001df1   Thumb Code    18  stm32f10x_tim.o(.text)
    TIM_OC1NPolarityConfig                   0x08001e03   Thumb Code    18  stm32f10x_tim.o(.text)
    TIM_OC2PolarityConfig                    0x08001e15   Thumb Code    26  stm32f10x_tim.o(.text)
    TIM_OC2NPolarityConfig                   0x08001e2f   Thumb Code    26  stm32f10x_tim.o(.text)
    TIM_OC3PolarityConfig                    0x08001e49   Thumb Code    26  stm32f10x_tim.o(.text)
    TIM_OC3NPolarityConfig                   0x08001e63   Thumb Code    26  stm32f10x_tim.o(.text)
    TIM_OC4PolarityConfig                    0x08001e7d   Thumb Code    26  stm32f10x_tim.o(.text)
    TIM_CCxCmd                               0x08001e97   Thumb Code    30  stm32f10x_tim.o(.text)
    TIM_CCxNCmd                              0x08001eb5   Thumb Code    30  stm32f10x_tim.o(.text)
    TIM_SelectOCxM                           0x08001ed3   Thumb Code    82  stm32f10x_tim.o(.text)
    TIM_UpdateDisableConfig                  0x08001f25   Thumb Code    24  stm32f10x_tim.o(.text)
    TIM_UpdateRequestConfig                  0x08001f3d   Thumb Code    24  stm32f10x_tim.o(.text)
    TIM_SelectHallSensor                     0x08001f55   Thumb Code    24  stm32f10x_tim.o(.text)
    TIM_SelectOnePulseMode                   0x08001f6d   Thumb Code    18  stm32f10x_tim.o(.text)
    TIM_SelectOutputTrigger                  0x08001f7f   Thumb Code    18  stm32f10x_tim.o(.text)
    TIM_SelectSlaveMode                      0x08001f91   Thumb Code    18  stm32f10x_tim.o(.text)
    TIM_SelectMasterSlaveMode                0x08001fa3   Thumb Code    18  stm32f10x_tim.o(.text)
    TIM_SetCounter                           0x08001fb5   Thumb Code     4  stm32f10x_tim.o(.text)
    TIM_SetAutoreload                        0x08001fb9   Thumb Code     4  stm32f10x_tim.o(.text)
    TIM_SetCompare1                          0x08001fbd   Thumb Code     4  stm32f10x_tim.o(.text)
    TIM_SetCompare2                          0x08001fc1   Thumb Code     4  stm32f10x_tim.o(.text)
    TIM_SetCompare3                          0x08001fc5   Thumb Code     4  stm32f10x_tim.o(.text)
    TIM_SetCompare4                          0x08001fc9   Thumb Code     6  stm32f10x_tim.o(.text)
    TIM_SetClockDivision                     0x08001fcf   Thumb Code    18  stm32f10x_tim.o(.text)
    TIM_GetCapture1                          0x08001fe1   Thumb Code     6  stm32f10x_tim.o(.text)
    TIM_GetCapture2                          0x08001fe7   Thumb Code     6  stm32f10x_tim.o(.text)
    TIM_GetCapture3                          0x08001fed   Thumb Code     6  stm32f10x_tim.o(.text)
    TIM_GetCapture4                          0x08001ff3   Thumb Code     8  stm32f10x_tim.o(.text)
    TIM_GetCounter                           0x08001ffb   Thumb Code     6  stm32f10x_tim.o(.text)
    TIM_GetPrescaler                         0x08002001   Thumb Code     6  stm32f10x_tim.o(.text)
    TIM_GetFlagStatus                        0x08002007   Thumb Code    18  stm32f10x_tim.o(.text)
    TIM_ClearFlag                            0x08002019   Thumb Code     6  stm32f10x_tim.o(.text)
    TIM_GetITStatus                          0x0800201f   Thumb Code    34  stm32f10x_tim.o(.text)
    TIM_ClearITPendingBit                    0x08002041   Thumb Code     6  stm32f10x_tim.o(.text)
    USART_DeInit                             0x08002049   Thumb Code   134  stm32f10x_usart.o(.text)
    USART_Init                               0x080020cf   Thumb Code   210  stm32f10x_usart.o(.text)
    USART_StructInit                         0x080021a1   Thumb Code    24  stm32f10x_usart.o(.text)
    USART_ClockInit                          0x080021b9   Thumb Code    34  stm32f10x_usart.o(.text)
    USART_ClockStructInit                    0x080021db   Thumb Code    12  stm32f10x_usart.o(.text)
    USART_Cmd                                0x080021e7   Thumb Code    24  stm32f10x_usart.o(.text)
    USART_ITConfig                           0x080021ff   Thumb Code    74  stm32f10x_usart.o(.text)
    USART_DMACmd                             0x08002249   Thumb Code    18  stm32f10x_usart.o(.text)
    USART_SetAddress                         0x0800225b   Thumb Code    18  stm32f10x_usart.o(.text)
    USART_WakeUpConfig                       0x0800226d   Thumb Code    18  stm32f10x_usart.o(.text)
    USART_ReceiverWakeUpCmd                  0x0800227f   Thumb Code    24  stm32f10x_usart.o(.text)
    USART_LINBreakDetectLengthConfig         0x08002297   Thumb Code    18  stm32f10x_usart.o(.text)
    USART_LINCmd                             0x080022a9   Thumb Code    24  stm32f10x_usart.o(.text)
    USART_SendData                           0x080022c1   Thumb Code     8  stm32f10x_usart.o(.text)
    USART_ReceiveData                        0x080022c9   Thumb Code    10  stm32f10x_usart.o(.text)
    USART_SendBreak                          0x080022d3   Thumb Code    10  stm32f10x_usart.o(.text)
    USART_SetGuardTime                       0x080022dd   Thumb Code    16  stm32f10x_usart.o(.text)
    USART_SetPrescaler                       0x080022ed   Thumb Code    16  stm32f10x_usart.o(.text)
    USART_SmartCardCmd                       0x080022fd   Thumb Code    24  stm32f10x_usart.o(.text)
    USART_SmartCardNACKCmd                   0x08002315   Thumb Code    24  stm32f10x_usart.o(.text)
    USART_HalfDuplexCmd                      0x0800232d   Thumb Code    24  stm32f10x_usart.o(.text)
    USART_OverSampling8Cmd                   0x08002345   Thumb Code    22  stm32f10x_usart.o(.text)
    USART_OneBitMethodCmd                    0x0800235b   Thumb Code    24  stm32f10x_usart.o(.text)
    USART_IrDAConfig                         0x08002373   Thumb Code    18  stm32f10x_usart.o(.text)
    USART_IrDACmd                            0x08002385   Thumb Code    24  stm32f10x_usart.o(.text)
    USART_GetFlagStatus                      0x0800239d   Thumb Code    26  stm32f10x_usart.o(.text)
    USART_ClearFlag                          0x080023b7   Thumb Code    18  stm32f10x_usart.o(.text)
    USART_GetITStatus                        0x080023c9   Thumb Code    84  stm32f10x_usart.o(.text)
    USART_ClearITPendingBit                  0x0800241d   Thumb Code    52  stm32f10x_usart.o(.text)
    delay_init                               0x08002451   Thumb Code    50  delay.o(.text)
    delay_us                                 0x08002483   Thumb Code    72  delay.o(.text)
    delay_ms                                 0x080024cb   Thumb Code    72  delay.o(.text)
    MY_NVIC_SetVectorTable                   0x08002525   Thumb Code    12  sys.o(.text)
    MY_NVIC_PriorityGroupConfig              0x08002531   Thumb Code    36  sys.o(.text)
    MY_NVIC_Init                             0x08002555   Thumb Code   116  sys.o(.text)
    Ex_NVIC_Config                           0x080025c9   Thumb Code   146  sys.o(.text)
    MYRCC_DeInit                             0x0800265b   Thumb Code    90  sys.o(.text)
    Sys_Standby                              0x080026b5   Thumb Code    68  sys.o(.text)
    Sys_Soft_Reset                           0x080026f9   Thumb Code    12  sys.o(.text)
    JTAG_Set                                 0x08002705   Thumb Code    42  sys.o(.text)
    Stm32_Clock_Init                         0x0800272f   Thumb Code   134  sys.o(.text)
    _sys_exit                                0x080027e1   Thumb Code     2  usart.o(.text)
    fputc                                    0x080027e3   Thumb Code    24  usart.o(.text)
    uart1_init                               0x080027fb   Thumb Code   150  usart.o(.text)
    USART1_IRQHandler                        0x08002891   Thumb Code    20  usart.o(.text)
    Target_Speed_transition                  0x080028a5   Thumb Code    22  usart.o(.text)
    Check_Sum                                0x080028bb   Thumb Code    24  usart.o(.text)
    Encoder_Init_TIM2                        0x080028e1   Thumb Code   192  encoder.o(.text)
    Encoder_Init_TIM3                        0x080029a1   Thumb Code   148  encoder.o(.text)
    Encoder_Init_TIM4                        0x08002a35   Thumb Code   148  encoder.o(.text)
    Encoder_Init_TIM5                        0x08002ac9   Thumb Code   148  encoder.o(.text)
    TIMING_TIM_Init                          0x08002b5d   Thumb Code    96  encoder.o(.text)
    Read_Encoder                             0x08002bbd   Thumb Code   100  encoder.o(.text)
    TIM4_IRQHandler                          0x08002c21   Thumb Code    20  encoder.o(.text)
    TIM2_UP_IRQHandler                       0x08002c35   Thumb Code    20  encoder.o(.text)
    TIM3_UP_IRQHandler                       0x08002c49   Thumb Code    20  encoder.o(.text)
    Adc_Init                                 0x08002c7d   Thumb Code   132  adc.o(.text)
    Get_Adc                                  0x08002d01   Thumb Code    46  adc.o(.text)
    Get_battery_volt                         0x08002d2f   Thumb Code    78  adc.o(.text)
    Get_Adc1                                 0x08002d7d   Thumb Code    48  adc.o(.text)
    LED_Init                                 0x08002dc9   Thumb Code    38  led.o(.text)
    Led_Flash                                0x08002def   Thumb Code    44  led.o(.text)
    MiniBalance_PWM_Init                     0x08002ef1   Thumb Code    20  motor.o(.text)
    Motor_Init                               0x08002f05   Thumb Code    92  motor.o(.text)
    uart3_init                               0x08002f71   Thumb Code   156  usart3.o(.text)
    USART3_SendByte                          0x0800300d   Thumb Code    28  usart3.o(.text)
    USART3_SendBuffer                        0x08003029   Thumb Code    32  usart3.o(.text)
    USART3_IRQHandler                        0x08003049   Thumb Code    44  usart3.o(.text)
    KEY_Init                                 0x08003081   Thumb Code    30  key.o(.text)
    Long_press                               0x0800309f   Thumb Code    72  key.o(.text)
    click_N_Double                           0x080030e7   Thumb Code   184  key.o(.text)
    Key                                      0x0800319f   Thumb Code    64  key.o(.text)
    click                                    0x080031df   Thumb Code    38  key.o(.text)
    IIC_Init                                 0x08003235   Thumb Code    68  bsp_siic.o(.text)
    uart4_init                               0x080036c5   Thumb Code   160  usart4.o(.text)
    UART4_SendByte                           0x08003765   Thumb Code    28  usart4.o(.text)
    UART4_SendBuffer                         0x08003781   Thumb Code    32  usart4.o(.text)
    UART4_IRQHandler                         0x080037a1   Thumb Code    44  usart4.o(.text)
    TIM6_IRQHandler                          0x080037fd   Thumb Code   156  control.o(.text)
    Control_TaskDelayTick                    0x08003899   Thumb Code    34  control.o(.text)
    myabs                                    0x080038bb   Thumb Code    14  control.o(.text)
    target_limit_float                       0x080038c9   Thumb Code    40  control.o(.text)
    Get_Angle                                0x080038f1   Thumb Code   156  control.o(.text)
    Scheduler_GetTickMs                      0x080039ed   Thumb Code     6  schedeler.o(.text)
    scheduler_init                           0x080039f3   Thumb Code     8  schedeler.o(.text)
    scheduler_run                            0x080039fb   Thumb Code    78  schedeler.o(.text)
    IMU_HW_SetZeroPoint                      0x08003a55   Thumb Code    22  bsp_imu.o(.text)
    IMU_HW_ClearZeroPoint                    0x08003a6b   Thumb Code    22  bsp_imu.o(.text)
    IMU_HW_Init                              0x08003a81   Thumb Code   388  bsp_imu.o(.text)
    IMU_HW_DeInit                            0x08003c05   Thumb Code   104  bsp_imu.o(.text)
    IMU_HW_Read9Axis                         0x08003c6d   Thumb Code   432  bsp_imu.o(.text)
    PID_App_LimitPwm                         0x08003e35   Thumb Code    58  pid_app.o(.text)
    PID_App_Reset                            0x08003e6f   Thumb Code    36  pid_app.o(.text)
    PID_App_RunMotorC                        0x08003e93   Thumb Code    92  pid_app.o(.text)
    PID_App_RunMotorD                        0x08003eef   Thumb Code    92  pid_app.o(.text)
    Encoder_App_Init                         0x08003f71   Thumb Code    12  encoder_app.o(.text)
    Encoder_App_ReadMotorC                   0x08003f7d   Thumb Code    10  encoder_app.o(.text)
    Encoder_App_ReadMotorD                   0x08003f87   Thumb Code    10  encoder_app.o(.text)
    Motor_App_Init                           0x08003f91   Thumb Code    18  motor_app.o(.text)
    Motor_App_SetPwm                         0x08003fa3   Thumb Code    66  motor_app.o(.text)
    Motor_App_TurnOff                        0x08003fe5   Thumb Code    62  motor_app.o(.text)
    USART_App_Printf                         0x08004039   Thumb Code   100  usart_app.o(.text)
    USART_App_RpmToEncoderTarget             0x0800409d   Thumb Code    86  usart_app.o(.text)
    USART_App_IsBleBatteryReportEnabled      0x08004291   Thumb Code     6  usart_app.o(.text)
    USART_App_BleTimeoutTask                 0x08004297   Thumb Code    36  usart_app.o(.text)
    USART_App_IRQHandler                     0x08004347   Thumb Code   180  usart_app.o(.text)
    USART_App_BleByteReceived                0x080043fb   Thumb Code    84  usart_app.o(.text)
    RDK_App_Init                             0x08004783   Thumb Code    22  rdk_app.o(.text)
    RDK_App_ByteReceived                     0x08004799   Thumb Code    84  rdk_app.o(.text)
    RDK_App_Task                             0x080047ed   Thumb Code    32  rdk_app.o(.text)
    RDK_App_FeedbackTask                     0x0800480d   Thumb Code    32  rdk_app.o(.text)
    Ultrasonic_App_Off                       0x08004901   Thumb Code    40  ultrasonic_app.o(.text)
    Ultrasonic_App_Init                      0x08004929   Thumb Code   168  ultrasonic_app.o(.text)
    Ultrasonic_App_On                        0x080049d1   Thumb Code    30  ultrasonic_app.o(.text)
    IMU_App_Init                             0x08005923   Thumb Code    48  imu_app.o(.text)
    IMU_App_Update                           0x08005953   Thumb Code    42  imu_app.o(.text)
    IMU_App_CalibrateZero                    0x0800597d   Thumb Code   524  imu_app.o(.text)
    IMU_App_GetAttitude                      0x08005b89   Thumb Code    16  imu_app.o(.text)
    IMU_App_GetGyro                          0x08005b99   Thumb Code    22  imu_app.o(.text)
    Battery_App_UpdateSample                 0x08005bbd   Thumb Code    82  battery_app.o(.text)
    Battery_App_TakeVoltageUpdated           0x08005c0f   Thumb Code    24  battery_app.o(.text)
    Battery_App_PrintVoltage                 0x08005c27   Thumb Code    36  battery_app.o(.text)
    Scheduler_BatteryReportTask              0x08005c4b   Thumb Code    42  battery_app.o(.text)
    __use_no_semihosting                     0x08005ca9   Thumb Code     2  use_no_semi_2.o(.text)
    vsnprintf                                0x08005cad   Thumb Code    48  vsnprintf.o(.text)
    __2printf                                0x08005ce1   Thumb Code    20  __2printf.o(.text)
    __2snprintf                              0x08005cf9   Thumb Code    50  __2snprintf.o(.text)
    _printf_pre_padding                      0x08005d31   Thumb Code    44  _printf_pad.o(.text)
    _printf_post_padding                     0x08005d5d   Thumb Code    34  _printf_pad.o(.text)
    _printf_int_dec                          0x08005d81   Thumb Code   104  _printf_dec.o(.text)
    __printf                                 0x08005df9   Thumb Code   388  __printf_flags_ss_wp.o(.text)
    strtol                                   0x08005f81   Thumb Code   112  strtol.o(.text)
    strstr                                   0x08005ff1   Thumb Code    36  strstr.o(.text)
    strlen                                   0x08006015   Thumb Code    62  strlen.o(.text)
    strncmp                                  0x08006053   Thumb Code   150  strncmp.o(.text)
    __aeabi_memcpy4                          0x080060e9   Thumb Code     0  rt_memcpy_w.o(.text)
    __aeabi_memcpy8                          0x080060e9   Thumb Code     0  rt_memcpy_w.o(.text)
    __rt_memcpy_w                            0x080060e9   Thumb Code   100  rt_memcpy_w.o(.text)
    _memcpy_lastbytes_aligned                0x08006131   Thumb Code     0  rt_memcpy_w.o(.text)
    __aeabi_memclr4                          0x0800614d   Thumb Code     0  rt_memclr_w.o(.text)
    __aeabi_memclr8                          0x0800614d   Thumb Code     0  rt_memclr_w.o(.text)
    __rt_memclr_w                            0x0800614d   Thumb Code    78  rt_memclr_w.o(.text)
    _memset_w                                0x08006151   Thumb Code     0  rt_memclr_w.o(.text)
    strcmp                                   0x0800619d   Thumb Code   128  strcmpv7m.o(.text)
    __use_two_region_memory                  0x0800621d   Thumb Code     2  heapauxi.o(.text)
    __rt_heap_escrow$2region                 0x0800621f   Thumb Code     2  heapauxi.o(.text)
    __rt_heap_expand$2region                 0x08006221   Thumb Code     2  heapauxi.o(.text)
    __I$use$semihosting                      0x08006223   Thumb Code     0  use_no_semi.o(.text)
    __use_no_semihosting_swi                 0x08006223   Thumb Code     2  use_no_semi.o(.text)
    __rt_ctype_table                         0x08006225   Thumb Code    16  rt_ctype_table.o(.text)
    __aeabi_errno_addr                       0x08006235   Thumb Code     8  rt_errno_addr_intlibspace.o(.text)
    __errno$intlibspace                      0x08006235   Thumb Code     0  rt_errno_addr_intlibspace.o(.text)
    __rt_errno_addr$intlibspace              0x08006235   Thumb Code     0  rt_errno_addr_intlibspace.o(.text)
    __read_errno                             0x0800623d   Thumb Code    10  _rserrno.o(.text)
    __set_errno                              0x08006247   Thumb Code    12  _rserrno.o(.text)
    _printf_truncate_signed                  0x08006253   Thumb Code    18  _printf_truncate.o(.text)
    _printf_truncate_unsigned                0x08006265   Thumb Code    18  _printf_truncate.o(.text)
    _printf_str                              0x08006277   Thumb Code    82  _printf_str.o(.text)
    _printf_int_common                       0x080062c9   Thumb Code   178  _printf_intcommon.o(.text)
    _printf_charcount                        0x0800637b   Thumb Code    40  _printf_charcount.o(.text)
    __lib_sel_fp_printf                      0x080063a3   Thumb Code     2  _printf_fp_dec.o(.text)
    _printf_fp_dec_real                      0x08006555   Thumb Code   620  _printf_fp_dec.o(.text)
    _printf_char_common                      0x080067cb   Thumb Code    32  _printf_char_common.o(.text)
    _sputc                                   0x080067f1   Thumb Code    10  _sputc.o(.text)
    _snputc                                  0x080067fb   Thumb Code    16  _snputc.o(.text)
    _printf_char_file                        0x0800680d   Thumb Code    32  _printf_char_file.o(.text)
    _printf_wctomb                           0x08006831   Thumb Code   182  _printf_wctomb.o(.text)
    _printf_longlong_dec                     0x080068ed   Thumb Code   108  _printf_longlong_dec.o(.text)
    _printf_longlong_oct                     0x08006969   Thumb Code    66  _printf_oct_int_ll.o(.text)
    _printf_int_oct                          0x080069ab   Thumb Code    24  _printf_oct_int_ll.o(.text)
    _printf_ll_oct                           0x080069c3   Thumb Code    12  _printf_oct_int_ll.o(.text)
    _printf_longlong_hex                     0x080069d9   Thumb Code    86  _printf_hex_int_ll_ptr.o(.text)
    _printf_int_hex                          0x08006a2f   Thumb Code    28  _printf_hex_int_ll_ptr.o(.text)
    _printf_ll_hex                           0x08006a4b   Thumb Code    12  _printf_hex_int_ll_ptr.o(.text)
    _printf_hex_ptr                          0x08006a57   Thumb Code    18  _printf_hex_int_ll_ptr.o(.text)
    _strtoul                                 0x08006a6d   Thumb Code   158  _strtoul.o(.text)
    __strtod_int                             0x08006b49   Thumb Code    90  strtod.o(.text)
    __user_libspace                          0x08006bb1   Thumb Code     8  libspace.o(.text)
    __user_perproc_libspace                  0x08006bb1   Thumb Code     0  libspace.o(.text)
    __user_perthread_libspace                0x08006bb1   Thumb Code     0  libspace.o(.text)
    __rt_locale                              0x08006bb9   Thumb Code     8  rt_locale_intlibspace.o(.text)
    _ll_udiv10                               0x08006bc1   Thumb Code   138  lludiv10.o(.text)
    isspace                                  0x08006c4b   Thumb Code    18  isspace.o(.text)
    _printf_fp_hex_real                      0x08006c5d   Thumb Code   756  _printf_fp_hex.o(.text)
    _printf_fp_infnan                        0x08006f59   Thumb Code   112  _printf_fp_infnan.o(.text)
    _printf_cs_common                        0x08006fd9   Thumb Code    20  _printf_char.o(.text)
    _printf_char                             0x08006fed   Thumb Code    16  _printf_char.o(.text)
    _printf_string                           0x08006ffd   Thumb Code     8  _printf_char.o(.text)
    _printf_lcs_common                       0x08007005   Thumb Code    20  _printf_wchar.o(.text)
    _printf_wchar                            0x08007019   Thumb Code    16  _printf_wchar.o(.text)
    _printf_wstring                          0x08007029   Thumb Code     8  _printf_wchar.o(.text)
    _chval                                   0x08007031   Thumb Code    28  _chval.o(.text)
    _sgetc                                   0x0800704d   Thumb Code    30  _sgetc.o(.text)
    _sbackspace                              0x0800706b   Thumb Code    34  _sgetc.o(.text)
    _btod_etento                             0x0800708d   Thumb Code   224  bigflt0.o(.text)
    ferror                                   0x08007171   Thumb Code     8  ferror.o(.text)
    _wcrtomb                                 0x08007179   Thumb Code    64  _wcrtomb.o(.text)
    __user_setup_stackheap                   0x080071b9   Thumb Code    74  sys_stackheap_outer.o(.text)
    _scanf_really_real                       0x08007451   Thumb Code   684  scanf_fp.o(.text)
    exit                                     0x080076fd   Thumb Code    18  exit.o(.text)
    _scanf_really_hex_real                   0x08007711   Thumb Code   786  scanf_hexfp.o(.text)
    _scanf_really_infnan                     0x08007a31   Thumb Code   292  scanf_infnan.o(.text)
    __aeabi_llsl                             0x08007b65   Thumb Code     0  llshl.o(.text)
    _ll_shift_l                              0x08007b65   Thumb Code    38  llshl.o(.text)
    _btod_d2e                                0x08007b8b   Thumb Code    62  btod.o(CL$$btod_d2e)
    _d2e_denorm_low                          0x08007bc9   Thumb Code    70  btod.o(CL$$btod_d2e_denorm_low)
    _d2e_norm_op1                            0x08007c0f   Thumb Code    96  btod.o(CL$$btod_d2e_norm_op1)
    __btod_div_common                        0x08007c6f   Thumb Code   696  btod.o(CL$$btod_div_common)
    _e2d                                     0x08007fa9   Thumb Code   122  btod.o(CL$$btod_e2d)
    _e2e                                     0x0800802d   Thumb Code   220  btod.o(CL$$btod_e2e)
    _btod_ediv                               0x08008109   Thumb Code    42  btod.o(CL$$btod_ediv)
    _btod_edivd                              0x08008133   Thumb Code    42  btod.o(CL$$btod_edivd)
    _btod_emul                               0x0800815d   Thumb Code    42  btod.o(CL$$btod_emul)
    _btod_emuld                              0x08008187   Thumb Code    42  btod.o(CL$$btod_emuld)
    __btod_mult_common                       0x080081b1   Thumb Code   580  btod.o(CL$$btod_mult_common)
    __ARM_fpclassify                         0x080083f5   Thumb Code    40  fpclassify.o(i.__ARM_fpclassify)
    __ARM_fpclassifyf                        0x0800841d   Thumb Code    38  fpclassifyf.o(i.__ARM_fpclassifyf)
    __kernel_poly                            0x08008443   Thumb Code   170  poly.o(i.__kernel_poly)
    __mathlib_dbl_infnan                     0x080084ed   Thumb Code     6  dunder.o(i.__mathlib_dbl_infnan)
    __mathlib_dbl_infnan2                    0x080084f3   Thumb Code     4  dunder.o(i.__mathlib_dbl_infnan2)
    __mathlib_dbl_invalid                    0x080084f7   Thumb Code    12  dunder.o(i.__mathlib_dbl_invalid)
    __mathlib_dbl_overflow                   0x08008503   Thumb Code    14  dunder.o(i.__mathlib_dbl_overflow)
    __mathlib_dbl_underflow                  0x08008511   Thumb Code    10  dunder.o(i.__mathlib_dbl_underflow)
    __mathlib_flt_infnan                     0x08008521   Thumb Code     6  funder.o(i.__mathlib_flt_infnan)
    __mathlib_flt_invalid                    0x08008527   Thumb Code     8  funder.o(i.__mathlib_flt_invalid)
    __mathlib_flt_underflow                  0x0800852f   Thumb Code    10  funder.o(i.__mathlib_flt_underflow)
    __mathlib_narrow                         0x08008539   Thumb Code    16  narrow.o(i.__mathlib_narrow)
    __mathlib_rredf2                         0x08008549   Thumb Code   344  rredf.o(i.__mathlib_rredf2)
    __mathlib_tofloat                        0x080086b1   Thumb Code   184  narrow.o(i.__mathlib_tofloat)
    __support_ldexp                          0x0800876d   Thumb Code    22  ldexp.o(i.__support_ldexp)
    _is_digit                                0x08008783   Thumb Code    14  __printf_wp.o(i._is_digit)
    asin                                     0x08008791   Thumb Code   572  asin.o(i.asin)
    atan                                     0x08008a01   Thumb Code   474  atan.o(i.atan)
    atan2                                    0x08008c21   Thumb Code   374  atan2.o(i.atan2)
    atof                                     0x08008dbd   Thumb Code    42  atof.o(i.atof)
    cosf                                     0x08008de9   Thumb Code   328  cosf.o(i.cosf)
    frexp                                    0x08008f65   Thumb Code    80  frexp.o(i.frexp)
    ldexp                                    0x08008fbd   Thumb Code   116  ldexp.o(i.ldexp)
    sinf                                     0x08009031   Thumb Code   338  sinf.o(i.sinf)
    sqrt                                     0x080091b9   Thumb Code    76  sqrt.o(i.sqrt)
    strtod                                   0x08009205   Thumb Code    28  strtod.o(i.strtod)
    _get_lc_ctype                            0x08009221   Thumb Code    44  lc_ctype_c.o(locale$$code)
    _get_lc_numeric                          0x0800924d   Thumb Code    44  lc_numeric_c.o(locale$$code)
    __aeabi_d2f                              0x08009279   Thumb Code     0  d2f.o(x$fpl$d2f)
    _d2f                                     0x08009279   Thumb Code    98  d2f.o(x$fpl$d2f)
    __aeabi_dadd                             0x080092dd   Thumb Code     0  daddsub_clz.o(x$fpl$dadd)
    _dadd                                    0x080092dd   Thumb Code   332  daddsub_clz.o(x$fpl$dadd)
    __fpl_dcheck_NaN1                        0x0800942d   Thumb Code    10  dcheck1.o(x$fpl$dcheck1)
    __fpl_dcmp_Inf                           0x0800943d   Thumb Code    24  dcmpi.o(x$fpl$dcmpinf)
    __aeabi_ddiv                             0x08009455   Thumb Code     0  ddiv.o(x$fpl$ddiv)
    _ddiv                                    0x08009455   Thumb Code   552  ddiv.o(x$fpl$ddiv)
    __aeabi_cdcmpeq                          0x08009705   Thumb Code     0  deqf.o(x$fpl$deqf)
    _dcmpeq                                  0x08009705   Thumb Code   120  deqf.o(x$fpl$deqf)
    __aeabi_d2iz                             0x0800977d   Thumb Code     0  dfix.o(x$fpl$dfix)
    _dfix                                    0x0800977d   Thumb Code    94  dfix.o(x$fpl$dfix)
    __aeabi_ui2d                             0x080097db   Thumb Code     0  dflt_clz.o(x$fpl$dfltu)
    _dfltu                                   0x080097db   Thumb Code    38  dflt_clz.o(x$fpl$dfltu)
    __aeabi_cdcmple                          0x08009801   Thumb Code     0  dleqf.o(x$fpl$dleqf)
    _dcmple                                  0x08009801   Thumb Code   120  dleqf.o(x$fpl$dleqf)
    __fpl_dcmple_InfNaN                      0x08009863   Thumb Code     0  dleqf.o(x$fpl$dleqf)
    __aeabi_dmul                             0x08009879   Thumb Code     0  dmul.o(x$fpl$dmul)
    _dmul                                    0x08009879   Thumb Code   332  dmul.o(x$fpl$dmul)
    __fpl_dnaninf                            0x080099cd   Thumb Code   156  dnaninf.o(x$fpl$dnaninf)
    __fpl_dretinf                            0x08009a69   Thumb Code    12  dretinf.o(x$fpl$dretinf)
    __aeabi_cdrcmple                         0x08009a75   Thumb Code     0  drleqf.o(x$fpl$drleqf)
    _drcmple                                 0x08009a75   Thumb Code   108  drleqf.o(x$fpl$drleqf)
    __aeabi_drsub                            0x08009ae1   Thumb Code     0  daddsub_clz.o(x$fpl$drsb)
    _drsb                                    0x08009ae1   Thumb Code    22  daddsub_clz.o(x$fpl$drsb)
    _dsqrt                                   0x08009af9   Thumb Code   456  dsqrt_noumaal.o(x$fpl$dsqrt)
    __aeabi_dsub                             0x08009cc5   Thumb Code     0  daddsub_clz.o(x$fpl$dsub)
    _dsub                                    0x08009cc5   Thumb Code   464  daddsub_clz.o(x$fpl$dsub)
    __aeabi_f2d                              0x08009e99   Thumb Code     0  f2d.o(x$fpl$f2d)
    _f2d                                     0x08009e99   Thumb Code    86  f2d.o(x$fpl$f2d)
    __aeabi_fadd                             0x08009ef1   Thumb Code     0  faddsub_clz.o(x$fpl$fadd)
    _fadd                                    0x08009ef1   Thumb Code   196  faddsub_clz.o(x$fpl$fadd)
    __fpl_fcheck_NaN1                        0x08009fb5   Thumb Code     6  fcheck1.o(x$fpl$fcheck1)
    __fpl_fcmp_Inf                           0x08009fc1   Thumb Code    24  fcmpi.o(x$fpl$fcmpinf)
    __aeabi_fdiv                             0x08009fd9   Thumb Code     0  fdiv.o(x$fpl$fdiv)
    _fdiv                                    0x08009fd9   Thumb Code   384  fdiv.o(x$fpl$fdiv)
    __aeabi_f2iz                             0x0800a15d   Thumb Code     0  ffix.o(x$fpl$ffix)
    _ffix                                    0x0800a15d   Thumb Code    54  ffix.o(x$fpl$ffix)
    __aeabi_i2f                              0x0800a195   Thumb Code     0  fflt_clz.o(x$fpl$fflt)
    _fflt                                    0x0800a195   Thumb Code    48  fflt_clz.o(x$fpl$fflt)
    __aeabi_ui2f                             0x0800a1c5   Thumb Code     0  fflt_clz.o(x$fpl$ffltu)
    _ffltu                                   0x0800a1c5   Thumb Code    38  fflt_clz.o(x$fpl$ffltu)
    __aeabi_cfcmple                          0x0800a1ed   Thumb Code     0  fleqf.o(x$fpl$fleqf)
    _fcmple                                  0x0800a1ed   Thumb Code   104  fleqf.o(x$fpl$fleqf)
    __fpl_fcmple_InfNaN                      0x0800a23f   Thumb Code     0  fleqf.o(x$fpl$fleqf)
    __aeabi_fmul                             0x0800a255   Thumb Code     0  fmul.o(x$fpl$fmul)
    _fmul                                    0x0800a255   Thumb Code   258  fmul.o(x$fpl$fmul)
    __fpl_fnaninf                            0x0800a357   Thumb Code   140  fnaninf.o(x$fpl$fnaninf)
    __fpl_fretinf                            0x0800a3e3   Thumb Code    10  fretinf.o(x$fpl$fretinf)
    __aeabi_cfrcmple                         0x0800a3ed   Thumb Code     0  frleqf.o(x$fpl$frleqf)
    _frcmple                                 0x0800a3ed   Thumb Code    98  frleqf.o(x$fpl$frleqf)
    _frnd                                    0x0800a451   Thumb Code    96  frnd.o(x$fpl$frnd)
    __aeabi_frsub                            0x0800a4b1   Thumb Code     0  faddsub_clz.o(x$fpl$frsb)
    _frsb                                    0x0800a4b1   Thumb Code    20  faddsub_clz.o(x$fpl$frsb)
    __aeabi_fsub                             0x0800a4c5   Thumb Code     0  faddsub_clz.o(x$fpl$fsub)
    _fsub                                    0x0800a4c5   Thumb Code   234  faddsub_clz.o(x$fpl$fsub)
    __ieee_status                            0x0800a5af   Thumb Code     6  istatus.o(x$fpl$ieeestatus)
    _printf_fp_dec                           0x0800a5b5   Thumb Code     4  printf1.o(x$fpl$printf1)
    _printf_fp_hex                           0x0800a5b9   Thumb Code     4  printf2.o(x$fpl$printf2)
    __fpl_return_NaN                         0x0800a5bd   Thumb Code   100  retnan.o(x$fpl$retnan)
    __ARM_scalbn                             0x0800a621   Thumb Code    92  scalbn.o(x$fpl$scalbn)
    __ARM_scalbnf                            0x0800a67d   Thumb Code    76  scalbnf.o(x$fpl$scalbnf)
    _scanf_real                              0x0800a6c9   Thumb Code     4  scanf1.o(x$fpl$scanf1)
    _scanf_hex_real                          0x0800a6cd   Thumb Code     4  scanf2.o(x$fpl$scanf2)
    _scanf_infnan                            0x0800a6d1   Thumb Code     4  scanf2.o(x$fpl$scanf2)
    __fpl_cmpreturn                          0x0800a6d5   Thumb Code    48  trapv.o(x$fpl$trapveneer)
    __I$use$fp                               0x0800a704   Number         0  usenofp.o(x$fpl$usenofp)
    __mathlib_zero                           0x0800a830   Data           8  qnan.o(.constdata)
    Region$$Table$$Base                      0x0800a914   Number         0  anon$$obj.o(Region$$Table)
    Region$$Table$$Limit                     0x0800a934   Number         0  anon$$obj.o(Region$$Table)
    __aeabi_HUGE_VAL                         0x0800a934   Data           0  fpconst.o(c$$dinf)
    __aeabi_HUGE_VALL                        0x0800a934   Data           0  fpconst.o(c$$dinf)
    __aeabi_INFINITY                         0x0800a934   Data           0  fpconst.o(c$$dinf)
    __dInf                                   0x0800a934   Data           0  fpconst.o(c$$dinf)
    __huge_val                               0x0800a934   Data           0  fpconst.o(c$$dinf)
    __dbl_max                                0x0800a93c   Data           0  fpconst.o(c$$dmax)
    __ctype                                  0x0800a951   Data           0  lc_ctype_c.o(locale$$data)
    SystemCoreClock                          0x20000000   Data           4  system_stm32f10x.o(.data)
    AHBPrescTable                            0x20000004   Data          16  system_stm32f10x.o(.data)
    Flag_Stop                                0x20000014   Data           1  minibalance.o(.data)
    Flag_Show                                0x20000015   Data           1  minibalance.o(.data)
    Flag_Zero                                0x20000016   Data           1  minibalance.o(.data)
    delay_50                                 0x20000017   Data           1  minibalance.o(.data)
    delay_flag                               0x20000018   Data           1  minibalance.o(.data)
    PID_Send                                 0x20000019   Data           1  minibalance.o(.data)
    Pitch                                    0x2000001c   Data           4  minibalance.o(.data)
    Roll                                     0x20000020   Data           4  minibalance.o(.data)
    Yaw                                      0x20000024   Data           4  minibalance.o(.data)
    Motor_Balance                            0x20000028   Data           4  minibalance.o(.data)
    Velocity                                 0x2000002c   Data           4  minibalance.o(.data)
    ADDR                                     0x20000030   Data           1  minibalance.o(.data)
    __stdout                                 0x2000004c   Data           4  usart.o(.data)
    UserII2Dev                               0x20000064   Data          20  bsp_siic.o(.data)
    Accel_Y                                  0x2000007c   Data           4  control.o(.data)
    Accel_Z                                  0x20000080   Data           4  control.o(.data)
    Accel_X                                  0x20000084   Data           4  control.o(.data)
    Gyrox                                    0x20000088   Data           4  control.o(.data)
    Gyroy                                    0x2000008c   Data           4  control.o(.data)
    Gyroz                                    0x20000090   Data           4  control.o(.data)
    Flag_Target                              0x20000094   Data           1  control.o(.data)
    Flag_Change                              0x20000095   Data           1  control.o(.data)
    Flag_Velocity                            0x20000096   Data           1  control.o(.data)
    Flag_All                                 0x20000097   Data           1  control.o(.data)
    DIR                                      0x20000098   Data           1  control.o(.data)
    Single                                   0x2000009c   Data           4  control.o(.data)
    j                                        0x200000a0   Data           4  control.o(.data)
    Balance_Pwm_X                            0x200000a4   Data           4  control.o(.data)
    Balance_Pwm_Y                            0x200000a8   Data           4  control.o(.data)
    Balance_Pwm_Z                            0x200000ac   Data           4  control.o(.data)
    Velocity_Pwm_X                           0x200000b0   Data           4  control.o(.data)
    Velocity_Pwm_Y                           0x200000b4   Data           4  control.o(.data)
    Velocity_Pwm_Z                           0x200000b8   Data           4  control.o(.data)
    Max_Pwm                                  0x200000bc   Data           4  control.o(.data)
    time_cnt                                 0x200000c0   Data           2  control.o(.data)
    Target_EncoderC                          0x200000c4   Data           4  control.o(.data)
    Target_EncoderD                          0x200000c8   Data           4  control.o(.data)
    Current_EncoderC                         0x200000cc   Data           4  control.o(.data)
    Current_EncoderD                         0x200000d0   Data           4  control.o(.data)
    Motor_PwmC                               0x200000d4   Data           4  control.o(.data)
    Motor_PwmD                               0x200000d8   Data           4  control.o(.data)
    uwTick                                   0x200000dc   Data           4  control.o(.data)
    Cnt_test                                 0x20000168   Data           4  usart_app.o(.data)
    Voltage                                  0x200001ac   Data           4  battery_app.o(.data)
    Send_Data                                0x200001b0   Data          48  usart.o(.bss)
    Receive_Data                             0x200001e0   Data          11  usart.o(.bss)
    axis_9Val                                0x200001ec   Data          36  bsp_imu.o(.bss)
    AttitudeVal                              0x20000210   Data          12  bsp_imu.o(.bss)
    __libspace_start                         0x2000036c   Data          96  libspace.o(.bss)
    __temporary_stack_top$libspace           0x200003cc   Data           0  libspace.o(.bss)



==============================================================================

Memory Map of the image

  Image Entry point : 0x08000131

  Load Region LR_IROM1 (Base: 0x08000000, Size: 0x0000ac20, Max: 0x00040000, ABSOLUTE, COMPRESSED[0x0000aad4])

    Execution Region ER_IROM1 (Exec base: 0x08000000, Load base: 0x08000000, Size: 0x0000aa70, Max: 0x00040000, ABSOLUTE)

    Exec Addr    Load Addr    Size         Type   Attr      Idx    E Section Name        Object

    0x08000000   0x08000000   0x00000130   Data   RO          257    RESET               startup_stm32f10x_hd.o
    0x08000130   0x08000130   0x00000008   Code   RO         1070  * !!!main             c_w.l(__main.o)
    0x08000138   0x08000138   0x00000034   Code   RO         1611    !!!scatter          c_w.l(__scatter.o)
    0x0800016c   0x0800016c   0x0000005a   Code   RO         1609    !!dczerorl2         c_w.l(__dczerorl2.o)
    0x080001c6   0x080001c6   0x00000002   PAD
    0x080001c8   0x080001c8   0x0000001c   Code   RO         1613    !!handler_zi        c_w.l(__scatter_zi.o)
    0x080001e4   0x080001e4   0x00000000   Code   RO         1053    .ARM.Collect$$_printf_percent$$00000000  c_w.l(_printf_percent.o)
    0x080001e4   0x080001e4   0x00000006   Code   RO         1234    .ARM.Collect$$_printf_percent$$00000001  c_w.l(_printf_n.o)
    0x080001ea   0x080001ea   0x00000006   Code   RO         1236    .ARM.Collect$$_printf_percent$$00000002  c_w.l(_printf_p.o)
    0x080001f0   0x080001f0   0x00000006   Code   RO         1052    .ARM.Collect$$_printf_percent$$00000003  c_w.l(_printf_f.o)
    0x080001f6   0x080001f6   0x00000006   Code   RO         1240    .ARM.Collect$$_printf_percent$$00000004  c_w.l(_printf_e.o)
    0x080001fc   0x080001fc   0x00000006   Code   RO         1241    .ARM.Collect$$_printf_percent$$00000005  c_w.l(_printf_g.o)
    0x08000202   0x08000202   0x00000006   Code   RO         1242    .ARM.Collect$$_printf_percent$$00000006  c_w.l(_printf_a.o)
    0x08000208   0x08000208   0x0000000a   Code   RO         1247    .ARM.Collect$$_printf_percent$$00000007  c_w.l(_printf_ll.o)
    0x08000212   0x08000212   0x00000006   Code   RO         1238    .ARM.Collect$$_printf_percent$$00000008  c_w.l(_printf_i.o)
    0x08000218   0x08000218   0x00000006   Code   RO         1051    .ARM.Collect$$_printf_percent$$00000009  c_w.l(_printf_d.o)
    0x0800021e   0x0800021e   0x00000006   Code   RO         1239    .ARM.Collect$$_printf_percent$$0000000A  c_w.l(_printf_u.o)
    0x08000224   0x08000224   0x00000006   Code   RO         1237    .ARM.Collect$$_printf_percent$$0000000B  c_w.l(_printf_o.o)
    0x0800022a   0x0800022a   0x00000006   Code   RO         1235    .ARM.Collect$$_printf_percent$$0000000C  c_w.l(_printf_x.o)
    0x08000230   0x08000230   0x00000006   Code   RO         1244    .ARM.Collect$$_printf_percent$$0000000D  c_w.l(_printf_lli.o)
    0x08000236   0x08000236   0x00000006   Code   RO         1245    .ARM.Collect$$_printf_percent$$0000000E  c_w.l(_printf_lld.o)
    0x0800023c   0x0800023c   0x00000006   Code   RO         1246    .ARM.Collect$$_printf_percent$$0000000F  c_w.l(_printf_llu.o)
    0x08000242   0x08000242   0x00000006   Code   RO         1251    .ARM.Collect$$_printf_percent$$00000010  c_w.l(_printf_llo.o)
    0x08000248   0x08000248   0x00000006   Code   RO         1252    .ARM.Collect$$_printf_percent$$00000011  c_w.l(_printf_llx.o)
    0x0800024e   0x0800024e   0x0000000a   Code   RO         1248    .ARM.Collect$$_printf_percent$$00000012  c_w.l(_printf_l.o)
    0x08000258   0x08000258   0x00000006   Code   RO         1232    .ARM.Collect$$_printf_percent$$00000013  c_w.l(_printf_c.o)
    0x0800025e   0x0800025e   0x00000006   Code   RO         1233    .ARM.Collect$$_printf_percent$$00000014  c_w.l(_printf_s.o)
    0x08000264   0x08000264   0x00000006   Code   RO         1249    .ARM.Collect$$_printf_percent$$00000015  c_w.l(_printf_lc.o)
    0x0800026a   0x0800026a   0x00000006   Code   RO         1250    .ARM.Collect$$_printf_percent$$00000016  c_w.l(_printf_ls.o)
    0x08000270   0x08000270   0x00000004   Code   RO         1243    .ARM.Collect$$_printf_percent$$00000017  c_w.l(_printf_percent_end.o)
    0x08000274   0x08000274   0x00000002   Code   RO         1438    .ARM.Collect$$libinit$$00000000  c_w.l(libinit.o)
    0x08000276   0x08000276   0x00000000   Code   RO         1440    .ARM.Collect$$libinit$$00000002  c_w.l(libinit2.o)
    0x08000276   0x08000276   0x00000000   Code   RO         1442    .ARM.Collect$$libinit$$00000004  c_w.l(libinit2.o)
    0x08000276   0x08000276   0x00000000   Code   RO         1445    .ARM.Collect$$libinit$$0000000A  c_w.l(libinit2.o)
    0x08000276   0x08000276   0x00000000   Code   RO         1447    .ARM.Collect$$libinit$$0000000C  c_w.l(libinit2.o)
    0x08000276   0x08000276   0x00000000   Code   RO         1449    .ARM.Collect$$libinit$$0000000E  c_w.l(libinit2.o)
    0x08000276   0x08000276   0x00000006   Code   RO         1450    .ARM.Collect$$libinit$$0000000F  c_w.l(libinit2.o)
    0x0800027c   0x0800027c   0x00000000   Code   RO         1452    .ARM.Collect$$libinit$$00000011  c_w.l(libinit2.o)
    0x0800027c   0x0800027c   0x0000000c   Code   RO         1453    .ARM.Collect$$libinit$$00000012  c_w.l(libinit2.o)
    0x08000288   0x08000288   0x00000000   Code   RO         1454    .ARM.Collect$$libinit$$00000013  c_w.l(libinit2.o)
    0x08000288   0x08000288   0x00000000   Code   RO         1456    .ARM.Collect$$libinit$$00000015  c_w.l(libinit2.o)
    0x08000288   0x08000288   0x0000000a   Code   RO         1457    .ARM.Collect$$libinit$$00000016  c_w.l(libinit2.o)
    0x08000292   0x08000292   0x00000000   Code   RO         1458    .ARM.Collect$$libinit$$00000017  c_w.l(libinit2.o)
    0x08000292   0x08000292   0x00000000   Code   RO         1460    .ARM.Collect$$libinit$$00000019  c_w.l(libinit2.o)
    0x08000292   0x08000292   0x00000000   Code   RO         1462    .ARM.Collect$$libinit$$0000001B  c_w.l(libinit2.o)
    0x08000292   0x08000292   0x00000000   Code   RO         1464    .ARM.Collect$$libinit$$0000001D  c_w.l(libinit2.o)
    0x08000292   0x08000292   0x00000000   Code   RO         1466    .ARM.Collect$$libinit$$0000001F  c_w.l(libinit2.o)
    0x08000292   0x08000292   0x00000000   Code   RO         1468    .ARM.Collect$$libinit$$00000021  c_w.l(libinit2.o)
    0x08000292   0x08000292   0x00000000   Code   RO         1470    .ARM.Collect$$libinit$$00000023  c_w.l(libinit2.o)
    0x08000292   0x08000292   0x00000000   Code   RO         1472    .ARM.Collect$$libinit$$00000025  c_w.l(libinit2.o)
    0x08000292   0x08000292   0x00000000   Code   RO         1476    .ARM.Collect$$libinit$$0000002C  c_w.l(libinit2.o)
    0x08000292   0x08000292   0x00000000   Code   RO         1478    .ARM.Collect$$libinit$$0000002E  c_w.l(libinit2.o)
    0x08000292   0x08000292   0x00000000   Code   RO         1480    .ARM.Collect$$libinit$$00000030  c_w.l(libinit2.o)
    0x08000292   0x08000292   0x00000000   Code   RO         1482    .ARM.Collect$$libinit$$00000032  c_w.l(libinit2.o)
    0x08000292   0x08000292   0x00000002   Code   RO         1483    .ARM.Collect$$libinit$$00000033  c_w.l(libinit2.o)
    0x08000294   0x08000294   0x00000002   Code   RO         1545    .ARM.Collect$$libshutdown$$00000000  c_w.l(libshutdown.o)
    0x08000296   0x08000296   0x00000000   Code   RO         1566    .ARM.Collect$$libshutdown$$00000002  c_w.l(libshutdown2.o)
    0x08000296   0x08000296   0x00000000   Code   RO         1568    .ARM.Collect$$libshutdown$$00000004  c_w.l(libshutdown2.o)
    0x08000296   0x08000296   0x00000000   Code   RO         1570    .ARM.Collect$$libshutdown$$00000006  c_w.l(libshutdown2.o)
    0x08000296   0x08000296   0x00000000   Code   RO         1573    .ARM.Collect$$libshutdown$$00000009  c_w.l(libshutdown2.o)
    0x08000296   0x08000296   0x00000000   Code   RO         1576    .ARM.Collect$$libshutdown$$0000000C  c_w.l(libshutdown2.o)
    0x08000296   0x08000296   0x00000000   Code   RO         1578    .ARM.Collect$$libshutdown$$0000000E  c_w.l(libshutdown2.o)
    0x08000296   0x08000296   0x00000000   Code   RO         1581    .ARM.Collect$$libshutdown$$00000011  c_w.l(libshutdown2.o)
    0x08000296   0x08000296   0x00000002   Code   RO         1582    .ARM.Collect$$libshutdown$$00000012  c_w.l(libshutdown2.o)
    0x08000298   0x08000298   0x00000000   Code   RO         1172    .ARM.Collect$$rtentry$$00000000  c_w.l(__rtentry.o)
    0x08000298   0x08000298   0x00000000   Code   RO         1342    .ARM.Collect$$rtentry$$00000002  c_w.l(__rtentry2.o)
    0x08000298   0x08000298   0x00000006   Code   RO         1354    .ARM.Collect$$rtentry$$00000004  c_w.l(__rtentry4.o)
    0x0800029e   0x0800029e   0x00000000   Code   RO         1344    .ARM.Collect$$rtentry$$00000009  c_w.l(__rtentry2.o)
    0x0800029e   0x0800029e   0x00000004   Code   RO         1345    .ARM.Collect$$rtentry$$0000000A  c_w.l(__rtentry2.o)
    0x080002a2   0x080002a2   0x00000000   Code   RO         1347    .ARM.Collect$$rtentry$$0000000C  c_w.l(__rtentry2.o)
    0x080002a2   0x080002a2   0x00000008   Code   RO         1348    .ARM.Collect$$rtentry$$0000000D  c_w.l(__rtentry2.o)
    0x080002aa   0x080002aa   0x00000002   Code   RO         1488    .ARM.Collect$$rtexit$$00000000  c_w.l(rtexit.o)
    0x080002ac   0x080002ac   0x00000000   Code   RO         1513    .ARM.Collect$$rtexit$$00000002  c_w.l(rtexit2.o)
    0x080002ac   0x080002ac   0x00000004   Code   RO         1514    .ARM.Collect$$rtexit$$00000003  c_w.l(rtexit2.o)
    0x080002b0   0x080002b0   0x00000006   Code   RO         1515    .ARM.Collect$$rtexit$$00000004  c_w.l(rtexit2.o)
    0x080002b6   0x080002b6   0x00000002   PAD
    0x080002b8   0x080002b8   0x0000000c   Code   RO          588    .emb_text           sys.o
    0x080002c4   0x080002c4   0x0000001a   Code   RO            1    .text               stm32f10x_it.o
    0x080002de   0x080002de   0x00000002   PAD
    0x080002e0   0x080002e0   0x000001e0   Code   RO          104    .text               system_stm32f10x.o
    0x080004c0   0x080004c0   0x00000100   Code   RO          122    .text               minibalance.o
    0x080005c0   0x080005c0   0x00000040   Code   RO          258    .text               startup_stm32f10x_hd.o
    0x08000600   0x08000600   0x000000dc   Code   RO          262    .text               misc.o
    0x080006dc   0x080006dc   0x0000044e   Code   RO          300    .text               stm32f10x_adc.o
    0x08000b2a   0x08000b2a   0x00000002   PAD
    0x08000b2c   0x08000b2c   0x0000035c   Code   RO          432    .text               stm32f10x_gpio.o
    0x08000e88   0x08000e88   0x000003a4   Code   RO          480    .text               stm32f10x_rcc.o
    0x0800122c   0x0800122c   0x00000e1a   Code   RO          530    .text               stm32f10x_tim.o
    0x08002046   0x08002046   0x00000002   PAD
    0x08002048   0x08002048   0x00000408   Code   RO          542    .text               stm32f10x_usart.o
    0x08002450   0x08002450   0x000000d4   Code   RO          566    .text               delay.o
    0x08002524   0x08002524   0x000002bc   Code   RO          589    .text               sys.o
    0x080027e0   0x080027e0   0x00000100   Code   RO          604    .text               usart.o
    0x080028e0   0x080028e0   0x0000039c   Code   RO          625    .text               encoder.o
    0x08002c7c   0x08002c7c   0x0000014c   Code   RO          637    .text               adc.o
    0x08002dc8   0x08002dc8   0x00000064   Code   RO          668    .text               led.o
    0x08002e2c   0x08002e2c   0x00000144   Code   RO          681    .text               motor.o
    0x08002f70   0x08002f70   0x00000110   Code   RO          693    .text               usart3.o
    0x08003080   0x08003080   0x000001b4   Code   RO          707    .text               key.o
    0x08003234   0x08003234   0x0000048e   Code   RO          735    .text               bsp_siic.o
    0x080036c2   0x080036c2   0x00000002   PAD
    0x080036c4   0x080036c4   0x00000114   Code   RO          753    .text               usart4.o
    0x080037d8   0x080037d8   0x00000214   Code   RO          793    .text               control.o
    0x080039ec   0x080039ec   0x00000068   Code   RO          818    .text               schedeler.o
    0x08003a54   0x08003a54   0x000003e0   Code   RO          863    .text               bsp_imu.o
    0x08003e34   0x08003e34   0x0000013c   Code   RO          884    .text               pid_app.o
    0x08003f70   0x08003f70   0x00000020   Code   RO          899    .text               encoder_app.o
    0x08003f90   0x08003f90   0x000000a8   Code   RO          911    .text               motor_app.o
    0x08004038   0x08004038   0x000004d0   Code   RO          923    .text               usart_app.o
    0x08004508   0x08004508   0x000003f8   Code   RO          947    .text               rdk_app.o
    0x08004900   0x08004900   0x000000f8   Code   RO          962    .text               ultrasonic_app.o
    0x080049f8   0x080049f8   0x000011c4   Code   RO          974    .text               imu_app.o
    0x08005bbc   0x08005bbc   0x000000ec   Code   RO          989    .text               battery_app.o
    0x08005ca8   0x08005ca8   0x00000002   Code   RO         1013    .text               c_w.l(use_no_semi_2.o)
    0x08005caa   0x08005caa   0x00000002   PAD
    0x08005cac   0x08005cac   0x00000034   Code   RO         1015    .text               c_w.l(vsnprintf.o)
    0x08005ce0   0x08005ce0   0x00000018   Code   RO         1017    .text               c_w.l(__2printf.o)
    0x08005cf8   0x08005cf8   0x00000038   Code   RO         1019    .text               c_w.l(__2snprintf.o)
    0x08005d30   0x08005d30   0x0000004e   Code   RO         1027    .text               c_w.l(_printf_pad.o)
    0x08005d7e   0x08005d7e   0x00000002   PAD
    0x08005d80   0x08005d80   0x00000078   Code   RO         1029    .text               c_w.l(_printf_dec.o)
    0x08005df8   0x08005df8   0x00000188   Code   RO         1048    .text               c_w.l(__printf_flags_ss_wp.o)
    0x08005f80   0x08005f80   0x00000070   Code   RO         1054    .text               c_w.l(strtol.o)
    0x08005ff0   0x08005ff0   0x00000024   Code   RO         1056    .text               c_w.l(strstr.o)
    0x08006014   0x08006014   0x0000003e   Code   RO         1058    .text               c_w.l(strlen.o)
    0x08006052   0x08006052   0x00000096   Code   RO         1060    .text               c_w.l(strncmp.o)
    0x080060e8   0x080060e8   0x00000064   Code   RO         1062    .text               c_w.l(rt_memcpy_w.o)
    0x0800614c   0x0800614c   0x0000004e   Code   RO         1064    .text               c_w.l(rt_memclr_w.o)
    0x0800619a   0x0800619a   0x00000002   PAD
    0x0800619c   0x0800619c   0x00000080   Code   RO         1066    .text               c_w.l(strcmpv7m.o)
    0x0800621c   0x0800621c   0x00000006   Code   RO         1068    .text               c_w.l(heapauxi.o)
    0x08006222   0x08006222   0x00000002   Code   RO         1170    .text               c_w.l(use_no_semi.o)
    0x08006224   0x08006224   0x00000010   Code   RO         1173    .text               c_w.l(rt_ctype_table.o)
    0x08006234   0x08006234   0x00000008   Code   RO         1178    .text               c_w.l(rt_errno_addr_intlibspace.o)
    0x0800623c   0x0800623c   0x00000016   Code   RO         1180    .text               c_w.l(_rserrno.o)
    0x08006252   0x08006252   0x00000024   Code   RO         1182    .text               c_w.l(_printf_truncate.o)
    0x08006276   0x08006276   0x00000052   Code   RO         1184    .text               c_w.l(_printf_str.o)
    0x080062c8   0x080062c8   0x000000b2   Code   RO         1186    .text               c_w.l(_printf_intcommon.o)
    0x0800637a   0x0800637a   0x00000028   Code   RO         1188    .text               c_w.l(_printf_charcount.o)
    0x080063a2   0x080063a2   0x0000041e   Code   RO         1190    .text               c_w.l(_printf_fp_dec.o)
    0x080067c0   0x080067c0   0x00000030   Code   RO         1192    .text               c_w.l(_printf_char_common.o)
    0x080067f0   0x080067f0   0x0000000a   Code   RO         1194    .text               c_w.l(_sputc.o)
    0x080067fa   0x080067fa   0x00000010   Code   RO         1196    .text               c_w.l(_snputc.o)
    0x0800680a   0x0800680a   0x00000002   PAD
    0x0800680c   0x0800680c   0x00000024   Code   RO         1198    .text               c_w.l(_printf_char_file.o)
    0x08006830   0x08006830   0x000000bc   Code   RO         1200    .text               c_w.l(_printf_wctomb.o)
    0x080068ec   0x080068ec   0x0000007c   Code   RO         1203    .text               c_w.l(_printf_longlong_dec.o)
    0x08006968   0x08006968   0x00000070   Code   RO         1209    .text               c_w.l(_printf_oct_int_ll.o)
    0x080069d8   0x080069d8   0x00000094   Code   RO         1229    .text               c_w.l(_printf_hex_int_ll_ptr.o)
    0x08006a6c   0x08006a6c   0x0000009e   Code   RO         1253    .text               c_w.l(_strtoul.o)
    0x08006b0a   0x08006b0a   0x00000002   PAD
    0x08006b0c   0x08006b0c   0x000000a4   Code   RO         1255    .text               c_w.l(strtod.o)
    0x08006bb0   0x08006bb0   0x00000008   Code   RO         1338    .text               c_w.l(libspace.o)
    0x08006bb8   0x08006bb8   0x00000008   Code   RO         1359    .text               c_w.l(rt_locale_intlibspace.o)
    0x08006bc0   0x08006bc0   0x0000008a   Code   RO         1361    .text               c_w.l(lludiv10.o)
    0x08006c4a   0x08006c4a   0x00000012   Code   RO         1363    .text               c_w.l(isspace.o)
    0x08006c5c   0x08006c5c   0x000002fc   Code   RO         1365    .text               c_w.l(_printf_fp_hex.o)
    0x08006f58   0x08006f58   0x00000080   Code   RO         1368    .text               c_w.l(_printf_fp_infnan.o)
    0x08006fd8   0x08006fd8   0x0000002c   Code   RO         1372    .text               c_w.l(_printf_char.o)
    0x08007004   0x08007004   0x0000002c   Code   RO         1374    .text               c_w.l(_printf_wchar.o)
    0x08007030   0x08007030   0x0000001c   Code   RO         1376    .text               c_w.l(_chval.o)
    0x0800704c   0x0800704c   0x00000040   Code   RO         1378    .text               c_w.l(_sgetc.o)
    0x0800708c   0x0800708c   0x000000e4   Code   RO         1380    .text               c_w.l(bigflt0.o)
    0x08007170   0x08007170   0x00000008   Code   RO         1405    .text               c_w.l(ferror.o)
    0x08007178   0x08007178   0x00000040   Code   RO         1409    .text               c_w.l(_wcrtomb.o)
    0x080071b8   0x080071b8   0x0000004a   Code   RO         1427    .text               c_w.l(sys_stackheap_outer.o)
    0x08007202   0x08007202   0x00000002   PAD
    0x08007204   0x08007204   0x000004f8   Code   RO         1429    .text               c_w.l(scanf_fp.o)
    0x080076fc   0x080076fc   0x00000012   Code   RO         1431    .text               c_w.l(exit.o)
    0x0800770e   0x0800770e   0x00000002   PAD
    0x08007710   0x08007710   0x00000320   Code   RO         1519    .text               c_w.l(scanf_hexfp.o)
    0x08007a30   0x08007a30   0x00000134   Code   RO         1521    .text               c_w.l(scanf_infnan.o)
    0x08007b64   0x08007b64   0x00000026   Code   RO         1537    .text               c_w.l(llshl.o)
    0x08007b8a   0x08007b8a   0x0000003e   Code   RO         1383    CL$$btod_d2e        c_w.l(btod.o)
    0x08007bc8   0x08007bc8   0x00000046   Code   RO         1385    CL$$btod_d2e_denorm_low  c_w.l(btod.o)
    0x08007c0e   0x08007c0e   0x00000060   Code   RO         1384    CL$$btod_d2e_norm_op1  c_w.l(btod.o)
    0x08007c6e   0x08007c6e   0x00000338   Code   RO         1393    CL$$btod_div_common  c_w.l(btod.o)
    0x08007fa6   0x08007fa6   0x00000002   PAD
    0x08007fa8   0x08007fa8   0x00000084   Code   RO         1391    CL$$btod_e2d        c_w.l(btod.o)
    0x0800802c   0x0800802c   0x000000dc   Code   RO         1390    CL$$btod_e2e        c_w.l(btod.o)
    0x08008108   0x08008108   0x0000002a   Code   RO         1387    CL$$btod_ediv       c_w.l(btod.o)
    0x08008132   0x08008132   0x0000002a   Code   RO         1389    CL$$btod_edivd      c_w.l(btod.o)
    0x0800815c   0x0800815c   0x0000002a   Code   RO         1386    CL$$btod_emul       c_w.l(btod.o)
    0x08008186   0x08008186   0x0000002a   Code   RO         1388    CL$$btod_emuld      c_w.l(btod.o)
    0x080081b0   0x080081b0   0x00000244   Code   RO         1392    CL$$btod_mult_common  c_w.l(btod.o)
    0x080083f4   0x080083f4   0x00000028   Code   RO         1314    i.__ARM_fpclassify  m_ws.l(fpclassify.o)
    0x0800841c   0x0800841c   0x00000026   Code   RO         1316    i.__ARM_fpclassifyf  m_ws.l(fpclassifyf.o)
    0x08008442   0x08008442   0x000000aa   Code   RO         1332    i.__kernel_poly     m_ws.l(poly.o)
    0x080084ec   0x080084ec   0x00000006   Code   RO         1301    i.__mathlib_dbl_infnan  m_ws.l(dunder.o)
    0x080084f2   0x080084f2   0x00000004   Code   RO         1302    i.__mathlib_dbl_infnan2  m_ws.l(dunder.o)
    0x080084f6   0x080084f6   0x0000000c   Code   RO         1303    i.__mathlib_dbl_invalid  m_ws.l(dunder.o)
    0x08008502   0x08008502   0x0000000e   Code   RO         1304    i.__mathlib_dbl_overflow  m_ws.l(dunder.o)
    0x08008510   0x08008510   0x00000010   Code   RO         1306    i.__mathlib_dbl_underflow  m_ws.l(dunder.o)
    0x08008520   0x08008520   0x00000006   Code   RO         1319    i.__mathlib_flt_infnan  m_ws.l(funder.o)
    0x08008526   0x08008526   0x00000008   Code   RO         1321    i.__mathlib_flt_invalid  m_ws.l(funder.o)
    0x0800852e   0x0800852e   0x0000000a   Code   RO         1324    i.__mathlib_flt_underflow  m_ws.l(funder.o)
    0x08008538   0x08008538   0x00000010   Code   RO         1506    i.__mathlib_narrow  m_ws.l(narrow.o)
    0x08008548   0x08008548   0x00000168   Code   RO         1335    i.__mathlib_rredf2  m_ws.l(rredf.o)
    0x080086b0   0x080086b0   0x000000bc   Code   RO         1507    i.__mathlib_tofloat  m_ws.l(narrow.o)
    0x0800876c   0x0800876c   0x00000016   Code   RO         1547    i.__support_ldexp   m_ws.l(ldexp.o)
    0x08008782   0x08008782   0x0000000e   Code   RO         1041    i._is_digit         c_w.l(__printf_wp.o)
    0x08008790   0x08008790   0x00000270   Code   RO         1121    i.asin              m_ws.l(asin.o)
    0x08008a00   0x08008a00   0x00000220   Code   RO         1291    i.atan              m_ws.l(atan.o)
    0x08008c20   0x08008c20   0x0000019c   Code   RO         1131    i.atan2             m_ws.l(atan2.o)
    0x08008dbc   0x08008dbc   0x0000002a   Code   RO         1139    i.atof              m_ws.l(atof.o)
    0x08008de6   0x08008de6   0x00000002   PAD
    0x08008de8   0x08008de8   0x0000017c   Code   RO         1143    i.cosf              m_ws.l(cosf.o)
    0x08008f64   0x08008f64   0x00000058   Code   RO         1530    i.frexp             m_ws.l(frexp.o)
    0x08008fbc   0x08008fbc   0x00000074   Code   RO         1548    i.ldexp             m_ws.l(ldexp.o)
    0x08009030   0x08009030   0x00000188   Code   RO         1151    i.sinf              m_ws.l(sinf.o)
    0x080091b8   0x080091b8   0x0000004c   Code   RO         1159    i.sqrt              m_ws.l(sqrt.o)
    0x08009204   0x08009204   0x0000001c   Code   RO         1167    i.strtod            m_ws.l(strtod.o)
    0x08009220   0x08009220   0x0000002c   Code   RO         1412    locale$$code        c_w.l(lc_ctype_c.o)
    0x0800924c   0x0800924c   0x0000002c   Code   RO         1415    locale$$code        c_w.l(lc_numeric_c.o)
    0x08009278   0x08009278   0x00000062   Code   RO         1072    x$fpl$d2f           fz_ws.l(d2f.o)
    0x080092da   0x080092da   0x00000002   PAD
    0x080092dc   0x080092dc   0x00000150   Code   RO         1257    x$fpl$dadd          fz_ws.l(daddsub_clz.o)
    0x0800942c   0x0800942c   0x00000010   Code   RO         1417    x$fpl$dcheck1       fz_ws.l(dcheck1.o)
    0x0800943c   0x0800943c   0x00000018   Code   RO         1419    x$fpl$dcmpinf       fz_ws.l(dcmpi.o)
    0x08009454   0x08009454   0x000002b0   Code   RO         1075    x$fpl$ddiv          fz_ws.l(ddiv.o)
    0x08009704   0x08009704   0x00000078   Code   RO         1263    x$fpl$deqf          fz_ws.l(deqf.o)
    0x0800977c   0x0800977c   0x0000005e   Code   RO         1078    x$fpl$dfix          fz_ws.l(dfix.o)
    0x080097da   0x080097da   0x00000026   Code   RO         1082    x$fpl$dfltu         fz_ws.l(dflt_clz.o)
    0x08009800   0x08009800   0x00000078   Code   RO         1265    x$fpl$dleqf         fz_ws.l(dleqf.o)
    0x08009878   0x08009878   0x00000154   Code   RO         1088    x$fpl$dmul          fz_ws.l(dmul.o)
    0x080099cc   0x080099cc   0x0000009c   Code   RO         1267    x$fpl$dnaninf       fz_ws.l(dnaninf.o)
    0x08009a68   0x08009a68   0x0000000c   Code   RO         1269    x$fpl$dretinf       fz_ws.l(dretinf.o)
    0x08009a74   0x08009a74   0x0000006c   Code   RO         1527    x$fpl$drleqf        fz_ws.l(drleqf.o)
    0x08009ae0   0x08009ae0   0x00000016   Code   RO         1258    x$fpl$drsb          fz_ws.l(daddsub_clz.o)
    0x08009af6   0x08009af6   0x00000002   PAD
    0x08009af8   0x08009af8   0x000001cc   Code   RO         1271    x$fpl$dsqrt         fz_ws.l(dsqrt_noumaal.o)
    0x08009cc4   0x08009cc4   0x000001d4   Code   RO         1259    x$fpl$dsub          fz_ws.l(daddsub_clz.o)
    0x08009e98   0x08009e98   0x00000056   Code   RO         1090    x$fpl$f2d           fz_ws.l(f2d.o)
    0x08009eee   0x08009eee   0x00000002   PAD
    0x08009ef0   0x08009ef0   0x000000c4   Code   RO         1092    x$fpl$fadd          fz_ws.l(faddsub_clz.o)
    0x08009fb4   0x08009fb4   0x0000000c   Code   RO         1484    x$fpl$fcheck1       fz_ws.l(fcheck1.o)
    0x08009fc0   0x08009fc0   0x00000018   Code   RO         1273    x$fpl$fcmpinf       fz_ws.l(fcmpi.o)
    0x08009fd8   0x08009fd8   0x00000184   Code   RO         1099    x$fpl$fdiv          fz_ws.l(fdiv.o)
    0x0800a15c   0x0800a15c   0x00000036   Code   RO         1102    x$fpl$ffix          fz_ws.l(ffix.o)
    0x0800a192   0x0800a192   0x00000002   PAD
    0x0800a194   0x0800a194   0x00000030   Code   RO         1107    x$fpl$fflt          fz_ws.l(fflt_clz.o)
    0x0800a1c4   0x0800a1c4   0x00000026   Code   RO         1106    x$fpl$ffltu         fz_ws.l(fflt_clz.o)
    0x0800a1ea   0x0800a1ea   0x00000002   PAD
    0x0800a1ec   0x0800a1ec   0x00000068   Code   RO         1112    x$fpl$fleqf         fz_ws.l(fleqf.o)
    0x0800a254   0x0800a254   0x00000102   Code   RO         1114    x$fpl$fmul          fz_ws.l(fmul.o)
    0x0800a356   0x0800a356   0x0000008c   Code   RO         1275    x$fpl$fnaninf       fz_ws.l(fnaninf.o)
    0x0800a3e2   0x0800a3e2   0x0000000a   Code   RO         1277    x$fpl$fretinf       fz_ws.l(fretinf.o)
    0x0800a3ec   0x0800a3ec   0x00000062   Code   RO         1116    x$fpl$frleqf        fz_ws.l(frleqf.o)
    0x0800a44e   0x0800a44e   0x00000002   PAD
    0x0800a450   0x0800a450   0x00000060   Code   RO         1279    x$fpl$frnd          fz_ws.l(frnd.o)
    0x0800a4b0   0x0800a4b0   0x00000014   Code   RO         1093    x$fpl$frsb          fz_ws.l(faddsub_clz.o)
    0x0800a4c4   0x0800a4c4   0x000000ea   Code   RO         1094    x$fpl$fsub          fz_ws.l(faddsub_clz.o)
    0x0800a5ae   0x0800a5ae   0x00000006   Code   RO         1421    x$fpl$ieeestatus    fz_ws.l(istatus.o)
    0x0800a5b4   0x0800a5b4   0x00000004   Code   RO         1118    x$fpl$printf1       fz_ws.l(printf1.o)
    0x0800a5b8   0x0800a5b8   0x00000004   Code   RO         1281    x$fpl$printf2       fz_ws.l(printf2.o)
    0x0800a5bc   0x0800a5bc   0x00000064   Code   RO         1486    x$fpl$retnan        fz_ws.l(retnan.o)
    0x0800a620   0x0800a620   0x0000005c   Code   RO         1287    x$fpl$scalbn        fz_ws.l(scalbn.o)
    0x0800a67c   0x0800a67c   0x0000004c   Code   RO         1423    x$fpl$scalbnf       fz_ws.l(scalbnf.o)
    0x0800a6c8   0x0800a6c8   0x00000004   Code   RO         1425    x$fpl$scanf1        fz_ws.l(scanf1.o)
    0x0800a6cc   0x0800a6cc   0x00000008   Code   RO         1498    x$fpl$scanf2        fz_ws.l(scanf2.o)
    0x0800a6d4   0x0800a6d4   0x00000030   Code   RO         1504    x$fpl$trapveneer    fz_ws.l(trapv.o)
    0x0800a704   0x0800a704   0x00000000   Code   RO         1289    x$fpl$usenofp       fz_ws.l(usenofp.o)
    0x0800a704   0x0800a704   0x00000011   Data   RO         1049    .constdata          c_w.l(__printf_flags_ss_wp.o)
    0x0800a715   0x0800a715   0x00000003   PAD
    0x0800a718   0x0800a718   0x00000050   Data   RO         1122    .constdata          m_ws.l(asin.o)
    0x0800a768   0x0800a768   0x00000008   Data   RO         1201    .constdata          c_w.l(_printf_wctomb.o)
    0x0800a770   0x0800a770   0x00000028   Data   RO         1230    .constdata          c_w.l(_printf_hex_int_ll_ptr.o)
    0x0800a798   0x0800a798   0x00000098   Data   RO         1292    .constdata          m_ws.l(atan.o)
    0x0800a830   0x0800a830   0x00000008   Data   RO         1334    .constdata          m_ws.l(qnan.o)
    0x0800a838   0x0800a838   0x00000020   Data   RO         1336    .constdata          m_ws.l(rredf.o)
    0x0800a858   0x0800a858   0x00000026   Data   RO         1366    .constdata          c_w.l(_printf_fp_hex.o)
    0x0800a87e   0x0800a87e   0x00000002   PAD
    0x0800a880   0x0800a880   0x00000094   Data   RO         1381    .constdata          c_w.l(bigflt0.o)
    0x0800a914   0x0800a914   0x00000020   Data   RO         1607    Region$$Table       anon$$obj.o
    0x0800a934   0x0800a934   0x00000008   Data   RO         1492    c$$dinf             fz_ws.l(fpconst.o)
    0x0800a93c   0x0800a93c   0x00000008   Data   RO         1495    c$$dmax             fz_ws.l(fpconst.o)
    0x0800a944   0x0800a944   0x00000110   Data   RO         1411    locale$$data        c_w.l(lc_ctype_c.o)
    0x0800aa54   0x0800aa54   0x0000001c   Data   RO         1414    locale$$data        c_w.l(lc_numeric_c.o)


    Execution Region RW_IRAM1 (Exec base: 0x20000000, Load base: 0x0800aa70, Size: 0x000009d0, Max: 0x0000c000, ABSOLUTE, COMPRESSED[0x00000064])

    Exec Addr    Load Addr    Size         Type   Attr      Idx    E Section Name        Object

    0x20000000   COMPRESSED   0x00000014   Data   RW          105    .data               system_stm32f10x.o
    0x20000014   COMPRESSED   0x0000001d   Data   RW          123    .data               minibalance.o
    0x20000031   COMPRESSED   0x00000014   Data   RW          481    .data               stm32f10x_rcc.o
    0x20000045   COMPRESSED   0x00000001   PAD
    0x20000046   COMPRESSED   0x00000004   Data   RW          567    .data               delay.o
    0x2000004a   COMPRESSED   0x00000002   PAD
    0x2000004c   COMPRESSED   0x00000004   Data   RW          606    .data               usart.o
    0x20000050   COMPRESSED   0x00000004   Data   RW          669    .data               led.o
    0x20000054   COMPRESSED   0x00000001   Data   RW          694    .data               usart3.o
    0x20000055   COMPRESSED   0x00000001   PAD
    0x20000056   COMPRESSED   0x0000000e   Data   RW          708    .data               key.o
    0x20000064   COMPRESSED   0x00000014   Data   RW          736    .data               bsp_siic.o
    0x20000078   COMPRESSED   0x00000001   Data   RW          754    .data               usart4.o
    0x20000079   COMPRESSED   0x00000003   PAD
    0x2000007c   COMPRESSED   0x00000070   Data   RW          794    .data               control.o
    0x200000ec   COMPRESSED   0x00000058   Data   RW          819    .data               schedeler.o
    0x20000144   COMPRESSED   0x00000018   Data   RW          885    .data               pid_app.o
    0x2000015c   COMPRESSED   0x00000014   Data   RW          925    .data               usart_app.o
    0x20000170   COMPRESSED   0x0000000c   Data   RW          949    .data               rdk_app.o
    0x2000017c   COMPRESSED   0x00000024   Data   RW          976    .data               imu_app.o
    0x200001a0   COMPRESSED   0x00000010   Data   RW          990    .data               battery_app.o
    0x200001b0        -       0x0000003b   Zero   RW          605    .bss                usart.o
    0x200001eb   COMPRESSED   0x00000001   PAD
    0x200001ec        -       0x00000054   Zero   RW          864    .bss                bsp_imu.o
    0x20000240        -       0x00000060   Zero   RW          924    .bss                usart_app.o
    0x200002a0        -       0x00000060   Zero   RW          948    .bss                rdk_app.o
    0x20000300        -       0x0000006c   Zero   RW          975    .bss                imu_app.o
    0x2000036c        -       0x00000060   Zero   RW         1339    .bss                c_w.l(libspace.o)
    0x200003cc   COMPRESSED   0x00000004   PAD
    0x200003d0        -       0x00000200   Zero   RW          256    HEAP                startup_stm32f10x_hd.o
    0x200005d0        -       0x00000400   Zero   RW          255    STACK               startup_stm32f10x_hd.o


==============================================================================

Image component sizes


      Code (inc. data)   RO Data    RW Data    ZI Data      Debug   Object Name

       332         28          0          0          0       1225   adc.o
       236         52          0         16          0       1677   battery_app.o
       992         24          0          0         84       3235   bsp_imu.o
      1166         12          0         20          0       5596   bsp_siic.o
       532         96          0        112          0       3554   control.o
         0          0          0          0          0         32   core_cm3.o
       212         18          0          4          0       1031   delay.o
       924         32          0          0          0       2717   encoder.o
        32          0          0          0          0        781   encoder_app.o
      4548        210          0         36        108       7168   imu_app.o
       436         48          0         14          0       1691   key.o
       100         18          0          4          0        725   led.o
       256         36          0         29          0       4842   minibalance.o
       220         22          0          0          0     215621   misc.o
       324         16          0          0          0       1310   motor.o
       168         22          0          0          0        968   motor_app.o
       316         38          0         24          0       1601   pid_app.o
      1016        212          0         12         96       4598   rdk_app.o
       104         12          0         88          0       1603   schedeler.o
        64         26        304          0       1536        816   startup_stm32f10x_hd.o
      1102         26          0          0          0      11033   stm32f10x_adc.o
       860         38          0          0          0       5721   stm32f10x_gpio.o
        26          0          0          0          0     252294   stm32f10x_it.o
       932         36          0         20          0       8896   stm32f10x_rcc.o
      3610         88          0          0          0      22832   stm32f10x_tim.o
      1032         22          0          0          0       8448   stm32f10x_usart.o
       712         44          0          0          0       2823   sys.o
       480         38          0         20          0       1719   system_stm32f10x.o
       248         10          0          0          0        963   ultrasonic_app.o
       256         14          0          4         59       3675   usart.o
       272         12          0          1          0       1933   usart3.o
       276         12          0          1          0       1926   usart4.o
      1232        186          0         20         96       5870   usart_app.o

    ----------------------------------------------------------------------
     23024       1448        336        432       1980     588924   Object Totals
         0          0         32          0          0          0   (incl. Generated)
         8          0          0          7          1          0   (incl. Padding)

    ----------------------------------------------------------------------

      Code (inc. data)   RO Data    RW Data    ZI Data      Debug   Library Member Name

        24          4          0          0          0         84   __2printf.o
        56          6          0          0          0         88   __2snprintf.o
        90          0          0          0          0          0   __dczerorl2.o
         8          0          0          0          0         68   __main.o
       392          4         17          0          0         92   __printf_flags_ss_wp.o
        14          0          0          0          0         68   __printf_wp.o
         0          0          0          0          0          0   __rtentry.o
        12          0          0          0          0          0   __rtentry2.o
         6          0          0          0          0          0   __rtentry4.o
        52          8          0          0          0          0   __scatter.o
        28          0          0          0          0          0   __scatter_zi.o
        28          0          0          0          0         68   _chval.o
         6          0          0          0          0          0   _printf_a.o
         6          0          0          0          0          0   _printf_c.o
        44          0          0          0          0        108   _printf_char.o
        48          6          0          0          0         96   _printf_char_common.o
        36          4          0          0          0         80   _printf_char_file.o
        40          0          0          0          0         68   _printf_charcount.o
         6          0          0          0          0          0   _printf_d.o
       120         16          0          0          0         92   _printf_dec.o
         6          0          0          0          0          0   _printf_e.o
         6          0          0          0          0          0   _printf_f.o
      1054          0          0          0          0        216   _printf_fp_dec.o
       764          8         38          0          0        100   _printf_fp_hex.o
       128         16          0          0          0         84   _printf_fp_infnan.o
         6          0          0          0          0          0   _printf_g.o
       148          4         40          0          0        160   _printf_hex_int_ll_ptr.o
         6          0          0          0          0          0   _printf_i.o
       178          0          0          0          0         88   _printf_intcommon.o
        10          0          0          0          0          0   _printf_l.o
         6          0          0          0          0          0   _printf_lc.o
        10          0          0          0          0          0   _printf_ll.o
         6          0          0          0          0          0   _printf_lld.o
         6          0          0          0          0          0   _printf_lli.o
         6          0          0          0          0          0   _printf_llo.o
         6          0          0          0          0          0   _printf_llu.o
         6          0          0          0          0          0   _printf_llx.o
       124         16          0          0          0         92   _printf_longlong_dec.o
         6          0          0          0          0          0   _printf_ls.o
         6          0          0          0          0          0   _printf_n.o
         6          0          0          0          0          0   _printf_o.o
       112         10          0          0          0        124   _printf_oct_int_ll.o
         6          0          0          0          0          0   _printf_p.o
        78          0          0          0          0        108   _printf_pad.o
         0          0          0          0          0          0   _printf_percent.o
         4          0          0          0          0          0   _printf_percent_end.o
         6          0          0          0          0          0   _printf_s.o
        82          0          0          0          0         80   _printf_str.o
        36          0          0          0          0         84   _printf_truncate.o
         6          0          0          0          0          0   _printf_u.o
        44          0          0          0          0        108   _printf_wchar.o
       188          6          8          0          0         92   _printf_wctomb.o
         6          0          0          0          0          0   _printf_x.o
        22          0          0          0          0        100   _rserrno.o
        64          0          0          0          0         84   _sgetc.o
        16          0          0          0          0         68   _snputc.o
        10          0          0          0          0         68   _sputc.o
       158          0          0          0          0         92   _strtoul.o
        64          0          0          0          0         92   _wcrtomb.o
       228          4        148          0          0         96   bigflt0.o
      2152        136          0          0          0        960   btod.o
        18          0          0          0          0         80   exit.o
         8          0          0          0          0         68   ferror.o
         6          0          0          0          0        152   heapauxi.o
        18          0          0          0          0         76   isspace.o
        44         10        272          0          0         76   lc_ctype_c.o
        44         10         28          0          0         76   lc_numeric_c.o
         2          0          0          0          0          0   libinit.o
        30          0          0          0          0          0   libinit2.o
         2          0          0          0          0          0   libshutdown.o
         2          0          0          0          0          0   libshutdown2.o
         8          4          0          0         96         68   libspace.o
        38          0          0          0          0         68   llshl.o
       138          0          0          0          0         80   lludiv10.o
        16          4          0          0          0         76   rt_ctype_table.o
         8          4          0          0          0         68   rt_errno_addr_intlibspace.o
         8          4          0          0          0         68   rt_locale_intlibspace.o
        78          0          0          0          0         80   rt_memclr_w.o
       100          0          0          0          0         80   rt_memcpy_w.o
         2          0          0          0          0          0   rtexit.o
        10          0          0          0          0          0   rtexit2.o
      1272         16          0          0          0        168   scanf_fp.o
       800         14          0          0          0        100   scanf_hexfp.o
       308         16          0          0          0        100   scanf_infnan.o
       128          0          0          0          0         68   strcmpv7m.o
        62          0          0          0          0         76   strlen.o
       150          0          0          0          0         80   strncmp.o
        36          0          0          0          0         80   strstr.o
       164         14          0          0          0        120   strtod.o
       112          0          0          0          0         88   strtol.o
        74          0          0          0          0         80   sys_stackheap_outer.o
         2          0          0          0          0         68   use_no_semi.o
         2          0          0          0          0         68   use_no_semi_2.o
        52          4          0          0          0         80   vsnprintf.o
        98          4          0          0          0         92   d2f.o
       826         16          0          0          0        348   daddsub_clz.o
        16          4          0          0          0         68   dcheck1.o
        24          0          0          0          0         68   dcmpi.o
       688        140          0          0          0        208   ddiv.o
       120          4          0          0          0         92   deqf.o
        94          4          0          0          0         92   dfix.o
        38          0          0          0          0         68   dflt_clz.o
       120          4          0          0          0         92   dleqf.o
       340         12          0          0          0        104   dmul.o
       156          4          0          0          0         92   dnaninf.o
        12          0          0          0          0         68   dretinf.o
       108          0          0          0          0         80   drleqf.o
       460         56          0          0          0        120   dsqrt_noumaal.o
        86          4          0          0          0         84   f2d.o
       450          8          0          0          0        236   faddsub_clz.o
        12          4          0          0          0         68   fcheck1.o
        24          0          0          0          0         68   fcmpi.o
       388         76          0          0          0         96   fdiv.o
        54          4          0          0          0         84   ffix.o
        86          0          0          0          0        136   fflt_clz.o
       104          4          0          0          0         84   fleqf.o
       258          4          0          0          0         84   fmul.o
       140          4          0          0          0         84   fnaninf.o
         0          0         16          0          0          0   fpconst.o
        10          0          0          0          0         68   fretinf.o
        98          0          0          0          0         68   frleqf.o
        96          4          0          0          0         76   frnd.o
         6          0          0          0          0         68   istatus.o
         4          0          0          0          0         68   printf1.o
         4          0          0          0          0         68   printf2.o
       100          0          0          0          0         68   retnan.o
        92          0          0          0          0         68   scalbn.o
        76          0          0          0          0         68   scalbnf.o
         4          0          0          0          0         68   scanf1.o
         8          0          0          0          0         84   scanf2.o
        48          0          0          0          0         68   trapv.o
         0          0          0          0          0          0   usenofp.o
       624         52         80          0          0        168   asin.o
       544         70        152          0          0        124   atan.o
       412         38          0          0          0        144   atan2.o
        42          0          0          0          0         84   atof.o
       380         52          0          0          0        124   cosf.o
        52          6          0          0          0        340   dunder.o
        40          0          0          0          0         68   fpclassify.o
        38          0          0          0          0         68   fpclassifyf.o
        88          8          0          0          0         76   frexp.o
        24          0          0          0          0        204   funder.o
       138          0          0          0          0        160   ldexp.o
       204          4          0          0          0        168   narrow.o
       170          0          0          0          0         96   poly.o
         0          0          8          0          0          0   qnan.o
       360         16         32          0          0         88   rredf.o
       392         54          0          0          0        124   sinf.o
        76          0          0          0          0         84   sqrt.o
        28          0          0          0          0         80   strtod.o

    ----------------------------------------------------------------------
     19428       1010        844          0        100      11756   Library Totals
        34          2          5          0          4          0   (incl. Padding)

    ----------------------------------------------------------------------

      Code (inc. data)   RO Data    RW Data    ZI Data      Debug   Library Name

     10534        348        551          0         96       6100   c_w.l
      5248        360         16          0          0       3456   fz_ws.l
      3612        300        272          0          0       2200   m_ws.l

    ----------------------------------------------------------------------
     19428       1010        844          0        100      11756   Library Totals

    ----------------------------------------------------------------------

==============================================================================


      Code (inc. data)   RO Data    RW Data    ZI Data      Debug   

     42452       2458       1180        432       2080     591212   Grand Totals
     42452       2458       1180        100       2080     591212   ELF Image Totals (compressed)
     42452       2458       1180        100          0          0   ROM Totals

==============================================================================

    Total RO  Size (Code + RO Data)                43632 (  42.61kB)
    Total RW  Size (RW Data + ZI Data)              2512 (   2.45kB)
    Total ROM Size (Code + RO Data + RW Data)      43732 (  42.71kB)

==============================================================================

